Archive member included to satisfy reference by file (symbol)

/usr/lib/gcc/avr/5.4.0/avr35/libgcc.a(_mulhi3.o)
                              obj/HIDParser.o (__mulhi3)
/usr/lib/gcc/avr/5.4.0/avr35/libgcc.a(_exit.o)
                              /usr/lib/gcc/avr/5.4.0/../../../avr/lib/avr35/crtatmega16u2.o (exit)
/usr/lib/gcc/avr/5.4.0/avr35/libgcc.a(_copy_data.o)
                              obj/MassStorage.o (__do_copy_data)
/usr/lib/gcc/avr/5.4.0/avr35/libgcc.a(_clear_bss.o)
                              obj/MassStorage.o (__do_clear_bss)
/usr/lib/gcc/avr/5.4.0/../../../avr/lib/avr35/libc.a(memcpy_P.o)
                              obj/RNDISClassDevice.o (memcpy_P)
/usr/lib/gcc/avr/5.4.0/../../../avr/lib/avr35/libc.a(strlen_P.o)
                              obj/CDCClassDevice.o (__strlen_P)
/usr/lib/gcc/avr/5.4.0/../../../avr/lib/avr35/libc.a(memcmp.o)
                              obj/HIDClassDevice.o (memcmp)
/usr/lib/gcc/avr/5.4.0/../../../avr/lib/avr35/libc.a(memcpy.o)
                              obj/HIDClassDevice.o (memcpy)
/usr/lib/gcc/avr/5.4.0/../../../avr/lib/avr35/libc.a(memset.o)
                              obj/HIDClassDevice.o (memset)
/usr/lib/gcc/avr/5.4.0/../../../avr/lib/avr35/libatmega16u2.a(eerd_byte.o)
                              obj/EndpointStream_AVR8.o (eeprom_read_byte)
/usr/lib/gcc/avr/5.4.0/../../../avr/lib/avr35/libatmega16u2.a(eeupd_byte.o)
                              obj/EndpointStream_AVR8.o (eeprom_update_byte)

Allocating common symbols
Common symbol       size              file

USB_IsInitialized   0x1               obj/USBTask.o
USB_DeviceState     0x1               obj/USBTask.o
USB_Device_ConfigurationNumber
                    0x1               obj/DeviceStandardReq.o
USB_Device_CurrentlySelfPowered
                    0x1               obj/DeviceStandardReq.o
USB_ControlRequest  0x8               obj/USBTask.o
USB_Device_RemoteWakeupEnabled
                    0x1               obj/DeviceStandardReq.o

Discarded input sections

 .data          0x0000000000000000        0x0 /usr/lib/gcc/avr/5.4.0/../../../avr/lib/avr35/crtatmega16u2.o
 .bss           0x0000000000000000        0x0 /usr/lib/gcc/avr/5.4.0/../../../avr/lib/avr35/crtatmega16u2.o
 .text          0x0000000000000000        0x0 obj/MassStorage.o
 .text          0x0000000000000000        0x0 obj/Descriptors.o
 .data          0x0000000000000000        0x0 obj/Descriptors.o
 .bss           0x0000000000000000        0x0 obj/Descriptors.o
 .text          0x0000000000000000        0x0 obj/spi.o
 .data          0x0000000000000000        0x0 obj/spi.o
 .bss           0x0000000000000000        0x0 obj/spi.o
 .text          0x0000000000000000        0x0 obj/AT45DB641E.o
 .data          0x0000000000000000        0x0 obj/AT45DB641E.o
 .bss           0x0000000000000000        0x0 obj/AT45DB641E.o
 .text          0x0000000000000000        0x0 obj/DataflashManager.o
 .data          0x0000000000000000        0x0 obj/DataflashManager.o
 .bss           0x0000000000000000        0x0 obj/DataflashManager.o
 .text          0x0000000000000000        0x0 obj/SCSI.o
 .bss           0x0000000000000000        0x0 obj/SCSI.o
 .text          0x0000000000000000        0x0 obj/HIDParser.o
 .data          0x0000000000000000        0x0 obj/HIDParser.o
 .bss           0x0000000000000000        0x0 obj/HIDParser.o
 .text.USB_ProcessHIDReport
                0x0000000000000000      0x6e2 obj/HIDParser.o
 .text.USB_GetHIDReportItemInfo
                0x0000000000000000       0xbc obj/HIDParser.o
 .text.USB_SetHIDReportItemInfo
                0x0000000000000000       0xc0 obj/HIDParser.o
 .text.USB_GetHIDReportSize
                0x0000000000000000       0x56 obj/HIDParser.o
 .debug_info    0x0000000000000000      0x739 obj/HIDParser.o
 .debug_abbrev  0x0000000000000000      0x21a obj/HIDParser.o
 .debug_loc     0x0000000000000000      0xac1 obj/HIDParser.o
 .debug_aranges
                0x0000000000000000       0x38 obj/HIDParser.o
 .debug_ranges  0x0000000000000000       0xd0 obj/HIDParser.o
 .debug_line    0x0000000000000000      0x56c obj/HIDParser.o
 .debug_str     0x0000000000000000      0x6f0 obj/HIDParser.o
 .comment       0x0000000000000000       0x12 obj/HIDParser.o
 .debug_frame   0x0000000000000000      0x11c obj/HIDParser.o
 .text          0x0000000000000000        0x0 obj/Device_AVR8.o
 .data          0x0000000000000000        0x0 obj/Device_AVR8.o
 .bss           0x0000000000000000        0x0 obj/Device_AVR8.o
 .text.USB_Device_SendRemoteWakeup
                0x0000000000000000       0x2a obj/Device_AVR8.o
 .debug_info    0x0000000000000000       0xd2 obj/Device_AVR8.o
 .debug_abbrev  0x0000000000000000       0x80 obj/Device_AVR8.o
 .debug_aranges
                0x0000000000000000       0x20 obj/Device_AVR8.o
 .debug_ranges  0x0000000000000000       0x10 obj/Device_AVR8.o
 .debug_line    0x0000000000000000      0x104 obj/Device_AVR8.o
 .debug_str     0x0000000000000000      0x22c obj/Device_AVR8.o
 .comment       0x0000000000000000       0x12 obj/Device_AVR8.o
 .debug_frame   0x0000000000000000       0x24 obj/Device_AVR8.o
 .text          0x0000000000000000        0x0 obj/EndpointStream_AVR8.o
 .data          0x0000000000000000        0x0 obj/EndpointStream_AVR8.o
 .bss           0x0000000000000000        0x0 obj/EndpointStream_AVR8.o
 .text.Endpoint_Discard_Stream
                0x0000000000000000       0x6a obj/EndpointStream_AVR8.o
 .text.Endpoint_Read_Stream_BE
                0x0000000000000000       0xa0 obj/EndpointStream_AVR8.o
 .text.Endpoint_Write_PStream_LE
                0x0000000000000000       0x9a obj/EndpointStream_AVR8.o
 .text.Endpoint_Write_PStream_BE
                0x0000000000000000       0xa2 obj/EndpointStream_AVR8.o
 .text.Endpoint_Write_EStream_LE
                0x0000000000000000       0x9c obj/EndpointStream_AVR8.o
 .text.Endpoint_Write_EStream_BE
                0x0000000000000000       0xa4 obj/EndpointStream_AVR8.o
 .text.Endpoint_Read_EStream_LE
                0x0000000000000000       0x9c obj/EndpointStream_AVR8.o
 .text.Endpoint_Read_EStream_BE
                0x0000000000000000       0xa4 obj/EndpointStream_AVR8.o
 .text.Endpoint_Write_Control_Stream_BE
                0x0000000000000000       0xca obj/EndpointStream_AVR8.o
 .text.Endpoint_Read_Control_Stream_LE
                0x0000000000000000       0x78 obj/EndpointStream_AVR8.o
 .text.Endpoint_Read_Control_Stream_BE
                0x0000000000000000       0x7a obj/EndpointStream_AVR8.o
 .text.Endpoint_Write_Control_PStream_BE
                0x0000000000000000       0xc8 obj/EndpointStream_AVR8.o
 .text.Endpoint_Write_Control_EStream_LE
                0x0000000000000000       0xe8 obj/EndpointStream_AVR8.o
 .text.Endpoint_Write_Control_EStream_BE
                0x0000000000000000       0xfa obj/EndpointStream_AVR8.o
 .text.Endpoint_Read_Control_EStream_LE
                0x0000000000000000       0x8c obj/EndpointStream_AVR8.o
 .text.Endpoint_Read_Control_EStream_BE
                0x0000000000000000       0x8a obj/EndpointStream_AVR8.o
 .text          0x0000000000000000        0x0 obj/Endpoint_AVR8.o
 .data          0x0000000000000000        0x0 obj/Endpoint_AVR8.o
 .bss           0x0000000000000000        0x0 obj/Endpoint_AVR8.o
 .text.Endpoint_ClearEndpoints
                0x0000000000000000       0x28 obj/Endpoint_AVR8.o
 .text          0x0000000000000000        0x0 obj/Host_AVR8.o
 .data          0x0000000000000000        0x0 obj/Host_AVR8.o
 .bss           0x0000000000000000        0x0 obj/Host_AVR8.o
 .debug_info    0x0000000000000000       0x56 obj/Host_AVR8.o
 .debug_abbrev  0x0000000000000000       0x26 obj/Host_AVR8.o
 .debug_aranges
                0x0000000000000000       0x18 obj/Host_AVR8.o
 .debug_line    0x0000000000000000       0x1a obj/Host_AVR8.o
 .debug_str     0x0000000000000000      0x1cb obj/Host_AVR8.o
 .comment       0x0000000000000000       0x12 obj/Host_AVR8.o
 .text          0x0000000000000000        0x0 obj/PipeStream_AVR8.o
 .data          0x0000000000000000        0x0 obj/PipeStream_AVR8.o
 .bss           0x0000000000000000        0x0 obj/PipeStream_AVR8.o
 .debug_info    0x0000000000000000       0x56 obj/PipeStream_AVR8.o
 .debug_abbrev  0x0000000000000000       0x26 obj/PipeStream_AVR8.o
 .debug_aranges
                0x0000000000000000       0x18 obj/PipeStream_AVR8.o
 .debug_line    0x0000000000000000       0x1a obj/PipeStream_AVR8.o
 .debug_str     0x0000000000000000      0x1d1 obj/PipeStream_AVR8.o
 .comment       0x0000000000000000       0x12 obj/PipeStream_AVR8.o
 .text          0x0000000000000000        0x0 obj/Pipe_AVR8.o
 .data          0x0000000000000000        0x0 obj/Pipe_AVR8.o
 .bss           0x0000000000000000        0x0 obj/Pipe_AVR8.o
 .debug_info    0x0000000000000000       0x56 obj/Pipe_AVR8.o
 .debug_abbrev  0x0000000000000000       0x26 obj/Pipe_AVR8.o
 .debug_aranges
                0x0000000000000000       0x18 obj/Pipe_AVR8.o
 .debug_line    0x0000000000000000       0x1a obj/Pipe_AVR8.o
 .debug_str     0x0000000000000000      0x1cb obj/Pipe_AVR8.o
 .comment       0x0000000000000000       0x12 obj/Pipe_AVR8.o
 .text          0x0000000000000000        0x0 obj/USBController_AVR8.o
 .data          0x0000000000000000        0x0 obj/USBController_AVR8.o
 .bss           0x0000000000000000        0x0 obj/USBController_AVR8.o
 .text.USB_Disable
                0x0000000000000000       0x2e obj/USBController_AVR8.o
 .text          0x0000000000000000        0x0 obj/USBInterrupt_AVR8.o
 .data          0x0000000000000000        0x0 obj/USBInterrupt_AVR8.o
 .bss           0x0000000000000000        0x0 obj/USBInterrupt_AVR8.o
 .text          0x0000000000000000        0x0 obj/ConfigDescriptors.o
 .data          0x0000000000000000        0x0 obj/ConfigDescriptors.o
 .bss           0x0000000000000000        0x0 obj/ConfigDescriptors.o
 .text.USB_GetNextDescriptor
                0x0000000000000000       0x3c obj/ConfigDescriptors.o
 .text.USB_GetNextDescriptorOfType
                0x0000000000000000       0x38 obj/ConfigDescriptors.o
 .text.USB_GetNextDescriptorOfTypeBefore
                0x0000000000000000       0x46 obj/ConfigDescriptors.o
 .text.USB_GetNextDescriptorOfTypeAfter
                0x0000000000000000       0x3e obj/ConfigDescriptors.o
 .text.USB_GetNextDescriptorComp
                0x0000000000000000       0x66 obj/ConfigDescriptors.o
 .debug_info    0x0000000000000000      0x3d5 obj/ConfigDescriptors.o
 .debug_abbrev  0x0000000000000000      0x185 obj/ConfigDescriptors.o
 .debug_loc     0x0000000000000000      0x59f obj/ConfigDescriptors.o
 .debug_aranges
                0x0000000000000000       0x40 obj/ConfigDescriptors.o
 .debug_ranges  0x0000000000000000       0x30 obj/ConfigDescriptors.o
 .debug_line    0x0000000000000000      0x1ce obj/ConfigDescriptors.o
 .debug_str     0x0000000000000000      0x414 obj/ConfigDescriptors.o
 .comment       0x0000000000000000       0x12 obj/ConfigDescriptors.o
 .debug_frame   0x0000000000000000       0xfc obj/ConfigDescriptors.o
 .text          0x0000000000000000        0x0 obj/DeviceStandardReq.o
 .data          0x0000000000000000        0x0 obj/DeviceStandardReq.o
 .bss           0x0000000000000000        0x0 obj/DeviceStandardReq.o
 .text          0x0000000000000000        0x0 obj/Events.o
 .data          0x0000000000000000        0x0 obj/Events.o
 .bss           0x0000000000000000        0x0 obj/Events.o
 .text.USB_Event_Stub_2
                0x0000000000000000        0x2 obj/Events.o
 .text.USB_Event_Stub_3
                0x0000000000000000        0x2 obj/Events.o
 .text          0x0000000000000000        0x0 obj/HostStandardReq.o
 .data          0x0000000000000000        0x0 obj/HostStandardReq.o
 .bss           0x0000000000000000        0x0 obj/HostStandardReq.o
 .debug_info    0x0000000000000000       0x56 obj/HostStandardReq.o
 .debug_abbrev  0x0000000000000000       0x26 obj/HostStandardReq.o
 .debug_aranges
                0x0000000000000000       0x18 obj/HostStandardReq.o
 .debug_line    0x0000000000000000       0x1a obj/HostStandardReq.o
 .debug_str     0x0000000000000000      0x1cc obj/HostStandardReq.o
 .comment       0x0000000000000000       0x12 obj/HostStandardReq.o
 .text          0x0000000000000000        0x0 obj/USBTask.o
 .data          0x0000000000000000        0x0 obj/USBTask.o
 .bss           0x0000000000000000        0x0 obj/USBTask.o
 .text          0x0000000000000000        0x0 obj/AudioClassDevice.o
 .data          0x0000000000000000        0x0 obj/AudioClassDevice.o
 .bss           0x0000000000000000        0x0 obj/AudioClassDevice.o
 .text.Audio_Device_ConfigureEndpoints
                0x0000000000000000       0x32 obj/AudioClassDevice.o
 .text.Audio_Device_Event_Stub
                0x0000000000000000        0x2 obj/AudioClassDevice.o
 .text.Audio_Device_ProcessControlRequest
                0x0000000000000000      0x2e4 obj/AudioClassDevice.o
 .debug_info    0x0000000000000000      0x862 obj/AudioClassDevice.o
 .debug_abbrev  0x0000000000000000      0x1f7 obj/AudioClassDevice.o
 .debug_loc     0x0000000000000000      0x37c obj/AudioClassDevice.o
 .debug_aranges
                0x0000000000000000       0x30 obj/AudioClassDevice.o
 .debug_ranges  0x0000000000000000       0x20 obj/AudioClassDevice.o
 .debug_line    0x0000000000000000      0x40e obj/AudioClassDevice.o
 .debug_str     0x0000000000000000      0x6e8 obj/AudioClassDevice.o
 .comment       0x0000000000000000       0x12 obj/AudioClassDevice.o
 .debug_frame   0x0000000000000000       0xa8 obj/AudioClassDevice.o
 .text          0x0000000000000000        0x0 obj/CCIDClassDevice.o
 .data          0x0000000000000000        0x0 obj/CCIDClassDevice.o
 .bss           0x0000000000000000        0x0 obj/CCIDClassDevice.o
 .text.CCID_CheckStatusNoError
                0x0000000000000000        0xc obj/CCIDClassDevice.o
 .text.CCID_Device_ProcessControlRequest
                0x0000000000000000       0x72 obj/CCIDClassDevice.o
 .text.CCID_Device_ConfigureEndpoints
                0x0000000000000000       0x30 obj/CCIDClassDevice.o
 .text.CCID_Device_USBTask
                0x0000000000000000      0x3d4 obj/CCIDClassDevice.o
 .debug_info    0x0000000000000000      0xd7d obj/CCIDClassDevice.o
 .debug_abbrev  0x0000000000000000      0x319 obj/CCIDClassDevice.o
 .debug_loc     0x0000000000000000      0x659 obj/CCIDClassDevice.o
 .debug_aranges
                0x0000000000000000       0x38 obj/CCIDClassDevice.o
 .debug_ranges  0x0000000000000000       0x40 obj/CCIDClassDevice.o
 .debug_line    0x0000000000000000      0x597 obj/CCIDClassDevice.o
 .debug_str     0x0000000000000000      0xa0f obj/CCIDClassDevice.o
 .comment       0x0000000000000000       0x12 obj/CCIDClassDevice.o
 .debug_frame   0x0000000000000000       0xbc obj/CCIDClassDevice.o
 .text          0x0000000000000000        0x0 obj/CDCClassDevice.o
 .data          0x0000000000000000        0x0 obj/CDCClassDevice.o
 .bss           0x0000000000000000        0x0 obj/CDCClassDevice.o
 .text.CDC_Device_ConfigureEndpoints
                0x0000000000000000       0x50 obj/CDCClassDevice.o
 .text.CDC_Device_SendString
                0x0000000000000000       0x42 obj/CDCClassDevice.o
 .text.CDC_Device_SendData
                0x0000000000000000       0x34 obj/CDCClassDevice.o
 .text.CDC_Device_SendString_P
                0x0000000000000000       0x52 obj/CDCClassDevice.o
 .text.CDC_Device_SendData_P
                0x0000000000000000       0x34 obj/CDCClassDevice.o
 .text.CDC_Device_SendByte
                0x0000000000000000       0x58 obj/CDCClassDevice.o
 .text.CDC_Device_putchar
                0x0000000000000000       0x22 obj/CDCClassDevice.o
 .text.CDC_Device_Flush
                0x0000000000000000       0x56 obj/CDCClassDevice.o
 .text.CDC_Device_USBTask
                0x0000000000000000       0x2e obj/CDCClassDevice.o
 .text.CDC_Device_BytesReceived
                0x0000000000000000       0x4a obj/CDCClassDevice.o
 .text.CDC_Device_ReceiveByte
                0x0000000000000000       0x5a obj/CDCClassDevice.o
 .text.CDC_Device_getchar
                0x0000000000000000       0x14 obj/CDCClassDevice.o
 .text.CDC_Device_getchar_Blocking
                0x0000000000000000       0x32 obj/CDCClassDevice.o
 .rodata        0x0000000000000000        0x8 obj/CDCClassDevice.o
 .text.CDC_Device_SendControlLineStateChange
                0x0000000000000000       0x8e obj/CDCClassDevice.o
 .text.CDC_Device_CreateStream
                0x0000000000000000       0x26 obj/CDCClassDevice.o
 .text.CDC_Device_CreateBlockingStream
                0x0000000000000000       0x26 obj/CDCClassDevice.o
 .text.CDC_Device_Event_Stub
                0x0000000000000000        0x2 obj/CDCClassDevice.o
 .text.CDC_Device_Event_Stub_2
                0x0000000000000000        0x2 obj/CDCClassDevice.o
 .text.CDC_Device_ProcessControlRequest
                0x0000000000000000      0x16e obj/CDCClassDevice.o
 .debug_info    0x0000000000000000     0x104f obj/CDCClassDevice.o
 .debug_abbrev  0x0000000000000000      0x404 obj/CDCClassDevice.o
 .debug_loc     0x0000000000000000      0xaa3 obj/CDCClassDevice.o
 .debug_aranges
                0x0000000000000000       0xb0 obj/CDCClassDevice.o
 .debug_ranges  0x0000000000000000       0xa0 obj/CDCClassDevice.o
 .debug_line    0x0000000000000000      0x8c5 obj/CDCClassDevice.o
 .debug_str     0x0000000000000000      0xabd obj/CDCClassDevice.o
 .comment       0x0000000000000000       0x12 obj/CDCClassDevice.o
 .debug_frame   0x0000000000000000      0x1b0 obj/CDCClassDevice.o
 .text          0x0000000000000000        0x0 obj/HIDClassDevice.o
 .data          0x0000000000000000        0x0 obj/HIDClassDevice.o
 .bss           0x0000000000000000        0x0 obj/HIDClassDevice.o
 .text.HID_Device_ProcessControlRequest
                0x0000000000000000      0x278 obj/HIDClassDevice.o
 .text.HID_Device_ConfigureEndpoints
                0x0000000000000000       0x28 obj/HIDClassDevice.o
 .text.HID_Device_USBTask
                0x0000000000000000      0x17c obj/HIDClassDevice.o
 .debug_info    0x0000000000000000      0x913 obj/HIDClassDevice.o
 .debug_abbrev  0x0000000000000000      0x221 obj/HIDClassDevice.o
 .debug_loc     0x0000000000000000      0x43e obj/HIDClassDevice.o
 .debug_aranges
                0x0000000000000000       0x30 obj/HIDClassDevice.o
 .debug_ranges  0x0000000000000000       0x20 obj/HIDClassDevice.o
 .debug_line    0x0000000000000000      0x4d7 obj/HIDClassDevice.o
 .debug_str     0x0000000000000000      0x733 obj/HIDClassDevice.o
 .comment       0x0000000000000000       0x12 obj/HIDClassDevice.o
 .debug_frame   0x0000000000000000       0xe4 obj/HIDClassDevice.o
 .text          0x0000000000000000        0x0 obj/MassStorageClassDevice.o
 .data          0x0000000000000000        0x0 obj/MassStorageClassDevice.o
 .bss           0x0000000000000000        0x0 obj/MassStorageClassDevice.o
 .text          0x0000000000000000        0x0 obj/MIDIClassDevice.o
 .data          0x0000000000000000        0x0 obj/MIDIClassDevice.o
 .bss           0x0000000000000000        0x0 obj/MIDIClassDevice.o
 .text.MIDI_Device_ConfigureEndpoints
                0x0000000000000000       0x32 obj/MIDIClassDevice.o
 .text.MIDI_Device_SendEventPacket
                0x0000000000000000       0x46 obj/MIDIClassDevice.o
 .text.MIDI_Device_Flush
                0x0000000000000000       0x2c obj/MIDIClassDevice.o
 .text.MIDI_Device_USBTask
                0x0000000000000000       0x22 obj/MIDIClassDevice.o
 .text.MIDI_Device_ReceiveEventPacket
                0x0000000000000000       0x4a obj/MIDIClassDevice.o
 .debug_info    0x0000000000000000      0x5de obj/MIDIClassDevice.o
 .debug_abbrev  0x0000000000000000      0x219 obj/MIDIClassDevice.o
 .debug_loc     0x0000000000000000      0x304 obj/MIDIClassDevice.o
 .debug_aranges
                0x0000000000000000       0x40 obj/MIDIClassDevice.o
 .debug_ranges  0x0000000000000000       0x30 obj/MIDIClassDevice.o
 .debug_line    0x0000000000000000      0x368 obj/MIDIClassDevice.o
 .debug_str     0x0000000000000000      0x6a9 obj/MIDIClassDevice.o
 .comment       0x0000000000000000       0x12 obj/MIDIClassDevice.o
 .debug_frame   0x0000000000000000       0x70 obj/MIDIClassDevice.o
 .text          0x0000000000000000        0x0 obj/PrinterClassDevice.o
 .data          0x0000000000000000        0x0 obj/PrinterClassDevice.o
 .bss           0x0000000000000000        0x0 obj/PrinterClassDevice.o
 .text.PRNT_Device_ConfigureEndpoints
                0x0000000000000000       0x38 obj/PrinterClassDevice.o
 .text.PRNT_Device_SendString
                0x0000000000000000       0x32 obj/PrinterClassDevice.o
 .text.PRNT_Device_SendData
                0x0000000000000000       0x24 obj/PrinterClassDevice.o
 .text.PRNT_Device_SendByte
                0x0000000000000000       0x40 obj/PrinterClassDevice.o
 .text.PRNT_Device_putchar
                0x0000000000000000       0x22 obj/PrinterClassDevice.o
 .text.PRNT_Device_Flush
                0x0000000000000000       0x46 obj/PrinterClassDevice.o
 .text.PRNT_Device_USBTask
                0x0000000000000000       0x9c obj/PrinterClassDevice.o
 .text.PRNT_Device_BytesReceived
                0x0000000000000000       0x3a obj/PrinterClassDevice.o
 .text.PRNT_Device_ReceiveByte
                0x0000000000000000       0x4a obj/PrinterClassDevice.o
 .text.PRNT_Device_getchar
                0x0000000000000000       0x14 obj/PrinterClassDevice.o
 .text.PRNT_Device_getchar_Blocking
                0x0000000000000000       0x32 obj/PrinterClassDevice.o
 .text.PRNT_Device_CreateStream
                0x0000000000000000       0x26 obj/PrinterClassDevice.o
 .text.PRNT_Device_CreateBlockingStream
                0x0000000000000000       0x26 obj/PrinterClassDevice.o
 .text.PRNT_Device_Event_Stub
                0x0000000000000000        0x2 obj/PrinterClassDevice.o
 .text.PRNT_Device_ProcessControlRequest
                0x0000000000000000       0xea obj/PrinterClassDevice.o
 .debug_info    0x0000000000000000      0xce4 obj/PrinterClassDevice.o
 .debug_abbrev  0x0000000000000000      0x30e obj/PrinterClassDevice.o
 .debug_loc     0x0000000000000000      0x84e obj/PrinterClassDevice.o
 .debug_aranges
                0x0000000000000000       0x90 obj/PrinterClassDevice.o
 .debug_ranges  0x0000000000000000       0x80 obj/PrinterClassDevice.o
 .debug_line    0x0000000000000000      0x69b obj/PrinterClassDevice.o
 .debug_str     0x0000000000000000      0x977 obj/PrinterClassDevice.o
 .comment       0x0000000000000000       0x12 obj/PrinterClassDevice.o
 .debug_frame   0x0000000000000000      0x13c obj/PrinterClassDevice.o
 .text          0x0000000000000000        0x0 obj/RNDISClassDevice.o
 .data          0x0000000000000000        0x0 obj/RNDISClassDevice.o
 .bss           0x0000000000000000        0x0 obj/RNDISClassDevice.o
 .text.RNDIS_Device_ProcessControlRequest
                0x0000000000000000      0x506 obj/RNDISClassDevice.o
 .text.RNDIS_Device_ConfigureEndpoints
                0x0000000000000000       0x64 obj/RNDISClassDevice.o
 .rodata        0x0000000000000000        0x8 obj/RNDISClassDevice.o
 .text.RNDIS_Device_USBTask
                0x0000000000000000       0x80 obj/RNDISClassDevice.o
 .text.RNDIS_Device_IsPacketReceived
                0x0000000000000000       0x28 obj/RNDISClassDevice.o
 .text.RNDIS_Device_ReadPacket
                0x0000000000000000       0xb6 obj/RNDISClassDevice.o
 .text.RNDIS_Device_SendPacket
                0x0000000000000000       0xd4 obj/RNDISClassDevice.o
 .progmem.data  0x0000000000000000       0x6c obj/RNDISClassDevice.o
 .debug_info    0x0000000000000000     0x10dc obj/RNDISClassDevice.o
 .debug_abbrev  0x0000000000000000      0x353 obj/RNDISClassDevice.o
 .debug_loc     0x0000000000000000      0xdde obj/RNDISClassDevice.o
 .debug_aranges
                0x0000000000000000       0x48 obj/RNDISClassDevice.o
 .debug_ranges  0x0000000000000000       0x88 obj/RNDISClassDevice.o
 .debug_line    0x0000000000000000      0x67a obj/RNDISClassDevice.o
 .debug_str     0x0000000000000000      0xda3 obj/RNDISClassDevice.o
 .comment       0x0000000000000000       0x12 obj/RNDISClassDevice.o
 .debug_frame   0x0000000000000000      0x10c obj/RNDISClassDevice.o
 .text          0x0000000000000000        0x0 obj/AndroidAccessoryClassHost.o
 .data          0x0000000000000000        0x0 obj/AndroidAccessoryClassHost.o
 .bss           0x0000000000000000        0x0 obj/AndroidAccessoryClassHost.o
 .debug_info    0x0000000000000000       0x56 obj/AndroidAccessoryClassHost.o
 .debug_abbrev  0x0000000000000000       0x26 obj/AndroidAccessoryClassHost.o
 .debug_aranges
                0x0000000000000000       0x18 obj/AndroidAccessoryClassHost.o
 .debug_line    0x0000000000000000       0x1a obj/AndroidAccessoryClassHost.o
 .debug_str     0x0000000000000000      0x1dc obj/AndroidAccessoryClassHost.o
 .comment       0x0000000000000000       0x12 obj/AndroidAccessoryClassHost.o
 .text          0x0000000000000000        0x0 obj/AudioClassHost.o
 .data          0x0000000000000000        0x0 obj/AudioClassHost.o
 .bss           0x0000000000000000        0x0 obj/AudioClassHost.o
 .debug_info    0x0000000000000000       0x56 obj/AudioClassHost.o
 .debug_abbrev  0x0000000000000000       0x26 obj/AudioClassHost.o
 .debug_aranges
                0x0000000000000000       0x18 obj/AudioClassHost.o
 .debug_line    0x0000000000000000       0x1a obj/AudioClassHost.o
 .debug_str     0x0000000000000000      0x1d1 obj/AudioClassHost.o
 .comment       0x0000000000000000       0x12 obj/AudioClassHost.o
 .text          0x0000000000000000        0x0 obj/CDCClassHost.o
 .data          0x0000000000000000        0x0 obj/CDCClassHost.o
 .bss           0x0000000000000000        0x0 obj/CDCClassHost.o
 .debug_info    0x0000000000000000       0x56 obj/CDCClassHost.o
 .debug_abbrev  0x0000000000000000       0x26 obj/CDCClassHost.o
 .debug_aranges
                0x0000000000000000       0x18 obj/CDCClassHost.o
 .debug_line    0x0000000000000000       0x1a obj/CDCClassHost.o
 .debug_str     0x0000000000000000      0x1cf obj/CDCClassHost.o
 .comment       0x0000000000000000       0x12 obj/CDCClassHost.o
 .text          0x0000000000000000        0x0 obj/HIDClassHost.o
 .data          0x0000000000000000        0x0 obj/HIDClassHost.o
 .bss           0x0000000000000000        0x0 obj/HIDClassHost.o
 .debug_info    0x0000000000000000       0x56 obj/HIDClassHost.o
 .debug_abbrev  0x0000000000000000       0x26 obj/HIDClassHost.o
 .debug_aranges
                0x0000000000000000       0x18 obj/HIDClassHost.o
 .debug_line    0x0000000000000000       0x1a obj/HIDClassHost.o
 .debug_str     0x0000000000000000      0x1cf obj/HIDClassHost.o
 .comment       0x0000000000000000       0x12 obj/HIDClassHost.o
 .text          0x0000000000000000        0x0 obj/MassStorageClassHost.o
 .data          0x0000000000000000        0x0 obj/MassStorageClassHost.o
 .bss           0x0000000000000000        0x0 obj/MassStorageClassHost.o
 .debug_info    0x0000000000000000       0x56 obj/MassStorageClassHost.o
 .debug_abbrev  0x0000000000000000       0x26 obj/MassStorageClassHost.o
 .debug_aranges
                0x0000000000000000       0x18 obj/MassStorageClassHost.o
 .debug_line    0x0000000000000000       0x1a obj/MassStorageClassHost.o
 .debug_str     0x0000000000000000      0x1d7 obj/MassStorageClassHost.o
 .comment       0x0000000000000000       0x12 obj/MassStorageClassHost.o
 .text          0x0000000000000000        0x0 obj/MIDIClassHost.o
 .data          0x0000000000000000        0x0 obj/MIDIClassHost.o
 .bss           0x0000000000000000        0x0 obj/MIDIClassHost.o
 .debug_info    0x0000000000000000       0x56 obj/MIDIClassHost.o
 .debug_abbrev  0x0000000000000000       0x26 obj/MIDIClassHost.o
 .debug_aranges
                0x0000000000000000       0x18 obj/MIDIClassHost.o
 .debug_line    0x0000000000000000       0x1a obj/MIDIClassHost.o
 .debug_str     0x0000000000000000      0x1d0 obj/MIDIClassHost.o
 .comment       0x0000000000000000       0x12 obj/MIDIClassHost.o
 .text          0x0000000000000000        0x0 obj/PrinterClassHost.o
 .data          0x0000000000000000        0x0 obj/PrinterClassHost.o
 .bss           0x0000000000000000        0x0 obj/PrinterClassHost.o
 .debug_info    0x0000000000000000       0x56 obj/PrinterClassHost.o
 .debug_abbrev  0x0000000000000000       0x26 obj/PrinterClassHost.o
 .debug_aranges
                0x0000000000000000       0x18 obj/PrinterClassHost.o
 .debug_line    0x0000000000000000       0x1a obj/PrinterClassHost.o
 .debug_str     0x0000000000000000      0x1d3 obj/PrinterClassHost.o
 .comment       0x0000000000000000       0x12 obj/PrinterClassHost.o
 .text          0x0000000000000000        0x0 obj/RNDISClassHost.o
 .data          0x0000000000000000        0x0 obj/RNDISClassHost.o
 .bss           0x0000000000000000        0x0 obj/RNDISClassHost.o
 .debug_info    0x0000000000000000       0x56 obj/RNDISClassHost.o
 .debug_abbrev  0x0000000000000000       0x26 obj/RNDISClassHost.o
 .debug_aranges
                0x0000000000000000       0x18 obj/RNDISClassHost.o
 .debug_line    0x0000000000000000       0x1a obj/RNDISClassHost.o
 .debug_str     0x0000000000000000      0x1d1 obj/RNDISClassHost.o
 .comment       0x0000000000000000       0x12 obj/RNDISClassHost.o
 .text          0x0000000000000000        0x0 obj/StillImageClassHost.o
 .data          0x0000000000000000        0x0 obj/StillImageClassHost.o
 .bss           0x0000000000000000        0x0 obj/StillImageClassHost.o
 .debug_info    0x0000000000000000       0x56 obj/StillImageClassHost.o
 .debug_abbrev  0x0000000000000000       0x26 obj/StillImageClassHost.o
 .debug_aranges
                0x0000000000000000       0x18 obj/StillImageClassHost.o
 .debug_line    0x0000000000000000       0x1a obj/StillImageClassHost.o
 .debug_str     0x0000000000000000      0x1d6 obj/StillImageClassHost.o
 .comment       0x0000000000000000       0x12 obj/StillImageClassHost.o
 .text          0x0000000000000000        0x0 /usr/lib/gcc/avr/5.4.0/avr35/libgcc.a(_mulhi3.o)
 .data          0x0000000000000000        0x0 /usr/lib/gcc/avr/5.4.0/avr35/libgcc.a(_mulhi3.o)
 .bss           0x0000000000000000        0x0 /usr/lib/gcc/avr/5.4.0/avr35/libgcc.a(_mulhi3.o)
 .text.libgcc.mul
                0x0000000000000000       0x22 /usr/lib/gcc/avr/5.4.0/avr35/libgcc.a(_mulhi3.o)
 .text.libgcc.div
                0x0000000000000000        0x0 /usr/lib/gcc/avr/5.4.0/avr35/libgcc.a(_mulhi3.o)
 .text.libgcc   0x0000000000000000        0x0 /usr/lib/gcc/avr/5.4.0/avr35/libgcc.a(_mulhi3.o)
 .text.libgcc.prologue
                0x0000000000000000        0x0 /usr/lib/gcc/avr/5.4.0/avr35/libgcc.a(_mulhi3.o)
 .text.libgcc.builtins
                0x0000000000000000        0x0 /usr/lib/gcc/avr/5.4.0/avr35/libgcc.a(_mulhi3.o)
 .text.libgcc.fmul
                0x0000000000000000        0x0 /usr/lib/gcc/avr/5.4.0/avr35/libgcc.a(_mulhi3.o)
 .text.libgcc.fixed
                0x0000000000000000        0x0 /usr/lib/gcc/avr/5.4.0/avr35/libgcc.a(_mulhi3.o)
 .text          0x0000000000000000        0x0 /usr/lib/gcc/avr/5.4.0/avr35/libgcc.a(_exit.o)
 .data          0x0000000000000000        0x0 /usr/lib/gcc/avr/5.4.0/avr35/libgcc.a(_exit.o)
 .bss           0x0000000000000000        0x0 /usr/lib/gcc/avr/5.4.0/avr35/libgcc.a(_exit.o)
 .text.libgcc.mul
                0x0000000000000000        0x0 /usr/lib/gcc/avr/5.4.0/avr35/libgcc.a(_exit.o)
 .text.libgcc.div
                0x0000000000000000        0x0 /usr/lib/gcc/avr/5.4.0/avr35/libgcc.a(_exit.o)
 .text.libgcc   0x0000000000000000        0x0 /usr/lib/gcc/avr/5.4.0/avr35/libgcc.a(_exit.o)
 .text.libgcc.prologue
                0x0000000000000000        0x0 /usr/lib/gcc/avr/5.4.0/avr35/libgcc.a(_exit.o)
 .text.libgcc.builtins
                0x0000000000000000        0x0 /usr/lib/gcc/avr/5.4.0/avr35/libgcc.a(_exit.o)
 .text.libgcc.fmul
                0x0000000000000000        0x0 /usr/lib/gcc/avr/5.4.0/avr35/libgcc.a(_exit.o)
 .text.libgcc.fixed
                0x0000000000000000        0x0 /usr/lib/gcc/avr/5.4.0/avr35/libgcc.a(_exit.o)
 .text          0x0000000000000000        0x0 /usr/lib/gcc/avr/5.4.0/avr35/libgcc.a(_copy_data.o)
 .data          0x0000000000000000        0x0 /usr/lib/gcc/avr/5.4.0/avr35/libgcc.a(_copy_data.o)
 .bss           0x0000000000000000        0x0 /usr/lib/gcc/avr/5.4.0/avr35/libgcc.a(_copy_data.o)
 .text.libgcc.mul
                0x0000000000000000        0x0 /usr/lib/gcc/avr/5.4.0/avr35/libgcc.a(_copy_data.o)
 .text.libgcc.div
                0x0000000000000000        0x0 /usr/lib/gcc/avr/5.4.0/avr35/libgcc.a(_copy_data.o)
 .text.libgcc   0x0000000000000000        0x0 /usr/lib/gcc/avr/5.4.0/avr35/libgcc.a(_copy_data.o)
 .text.libgcc.prologue
                0x0000000000000000        0x0 /usr/lib/gcc/avr/5.4.0/avr35/libgcc.a(_copy_data.o)
 .text.libgcc.builtins
                0x0000000000000000        0x0 /usr/lib/gcc/avr/5.4.0/avr35/libgcc.a(_copy_data.o)
 .text.libgcc.fmul
                0x0000000000000000        0x0 /usr/lib/gcc/avr/5.4.0/avr35/libgcc.a(_copy_data.o)
 .text.libgcc.fixed
                0x0000000000000000        0x0 /usr/lib/gcc/avr/5.4.0/avr35/libgcc.a(_copy_data.o)
 .text          0x0000000000000000        0x0 /usr/lib/gcc/avr/5.4.0/avr35/libgcc.a(_clear_bss.o)
 .data          0x0000000000000000        0x0 /usr/lib/gcc/avr/5.4.0/avr35/libgcc.a(_clear_bss.o)
 .bss           0x0000000000000000        0x0 /usr/lib/gcc/avr/5.4.0/avr35/libgcc.a(_clear_bss.o)
 .text.libgcc.mul
                0x0000000000000000        0x0 /usr/lib/gcc/avr/5.4.0/avr35/libgcc.a(_clear_bss.o)
 .text.libgcc.div
                0x0000000000000000        0x0 /usr/lib/gcc/avr/5.4.0/avr35/libgcc.a(_clear_bss.o)
 .text.libgcc   0x0000000000000000        0x0 /usr/lib/gcc/avr/5.4.0/avr35/libgcc.a(_clear_bss.o)
 .text.libgcc.prologue
                0x0000000000000000        0x0 /usr/lib/gcc/avr/5.4.0/avr35/libgcc.a(_clear_bss.o)
 .text.libgcc.builtins
                0x0000000000000000        0x0 /usr/lib/gcc/avr/5.4.0/avr35/libgcc.a(_clear_bss.o)
 .text.libgcc.fmul
                0x0000000000000000        0x0 /usr/lib/gcc/avr/5.4.0/avr35/libgcc.a(_clear_bss.o)
 .text.libgcc.fixed
                0x0000000000000000        0x0 /usr/lib/gcc/avr/5.4.0/avr35/libgcc.a(_clear_bss.o)
 .text          0x0000000000000000        0x0 /usr/lib/gcc/avr/5.4.0/../../../avr/lib/avr35/libc.a(memcpy_P.o)
 .data          0x0000000000000000        0x0 /usr/lib/gcc/avr/5.4.0/../../../avr/lib/avr35/libc.a(memcpy_P.o)
 .bss           0x0000000000000000        0x0 /usr/lib/gcc/avr/5.4.0/../../../avr/lib/avr35/libc.a(memcpy_P.o)
 .text.avr-libc
                0x0000000000000000       0x12 /usr/lib/gcc/avr/5.4.0/../../../avr/lib/avr35/libc.a(memcpy_P.o)
 .text          0x0000000000000000        0x0 /usr/lib/gcc/avr/5.4.0/../../../avr/lib/avr35/libc.a(strlen_P.o)
 .data          0x0000000000000000        0x0 /usr/lib/gcc/avr/5.4.0/../../../avr/lib/avr35/libc.a(strlen_P.o)
 .bss           0x0000000000000000        0x0 /usr/lib/gcc/avr/5.4.0/../../../avr/lib/avr35/libc.a(strlen_P.o)
 .text.avr-libc
                0x0000000000000000       0x12 /usr/lib/gcc/avr/5.4.0/../../../avr/lib/avr35/libc.a(strlen_P.o)
 .text          0x0000000000000000        0x0 /usr/lib/gcc/avr/5.4.0/../../../avr/lib/avr35/libc.a(memcmp.o)
 .data          0x0000000000000000        0x0 /usr/lib/gcc/avr/5.4.0/../../../avr/lib/avr35/libc.a(memcmp.o)
 .bss           0x0000000000000000        0x0 /usr/lib/gcc/avr/5.4.0/../../../avr/lib/avr35/libc.a(memcmp.o)
 .text.avr-libc
                0x0000000000000000       0x1a /usr/lib/gcc/avr/5.4.0/../../../avr/lib/avr35/libc.a(memcmp.o)
 .text          0x0000000000000000        0x0 /usr/lib/gcc/avr/5.4.0/../../../avr/lib/avr35/libc.a(memcpy.o)
 .data          0x0000000000000000        0x0 /usr/lib/gcc/avr/5.4.0/../../../avr/lib/avr35/libc.a(memcpy.o)
 .bss           0x0000000000000000        0x0 /usr/lib/gcc/avr/5.4.0/../../../avr/lib/avr35/libc.a(memcpy.o)
 .text.avr-libc
                0x0000000000000000       0x12 /usr/lib/gcc/avr/5.4.0/../../../avr/lib/avr35/libc.a(memcpy.o)
 .text          0x0000000000000000        0x0 /usr/lib/gcc/avr/5.4.0/../../../avr/lib/avr35/libc.a(memset.o)
 .data          0x0000000000000000        0x0 /usr/lib/gcc/avr/5.4.0/../../../avr/lib/avr35/libc.a(memset.o)
 .bss           0x0000000000000000        0x0 /usr/lib/gcc/avr/5.4.0/../../../avr/lib/avr35/libc.a(memset.o)
 .text.avr-libc
                0x0000000000000000        0xe /usr/lib/gcc/avr/5.4.0/../../../avr/lib/avr35/libc.a(memset.o)
 .text          0x0000000000000000        0x0 /usr/lib/gcc/avr/5.4.0/../../../avr/lib/avr35/libatmega16u2.a(eerd_byte.o)
 .data          0x0000000000000000        0x0 /usr/lib/gcc/avr/5.4.0/../../../avr/lib/avr35/libatmega16u2.a(eerd_byte.o)
 .bss           0x0000000000000000        0x0 /usr/lib/gcc/avr/5.4.0/../../../avr/lib/avr35/libatmega16u2.a(eerd_byte.o)
 .text.avr-libc
                0x0000000000000000       0x10 /usr/lib/gcc/avr/5.4.0/../../../avr/lib/avr35/libatmega16u2.a(eerd_byte.o)
 .text          0x0000000000000000        0x0 /usr/lib/gcc/avr/5.4.0/../../../avr/lib/avr35/libatmega16u2.a(eeupd_byte.o)
 .data          0x0000000000000000        0x0 /usr/lib/gcc/avr/5.4.0/../../../avr/lib/avr35/libatmega16u2.a(eeupd_byte.o)
 .bss           0x0000000000000000        0x0 /usr/lib/gcc/avr/5.4.0/../../../avr/lib/avr35/libatmega16u2.a(eeupd_byte.o)
 .text.avr-libc
                0x0000000000000000       0x24 /usr/lib/gcc/avr/5.4.0/../../../avr/lib/avr35/libatmega16u2.a(eeupd_byte.o)

Memory Configuration

Name             Origin             Length             Attributes
text             0x0000000000000000 0x0000000000004000 xr
data             0x0000000000800100 0x0000000000000200 rw !x
eeprom           0x0000000000810000 0x0000000000000200 rw !x
fuse             0x0000000000820000 0x0000000000000003 rw !x
lock             0x0000000000830000 0x0000000000000400 rw !x
signature        0x0000000000840000 0x0000000000000400 rw !x
user_signatures  0x0000000000850000 0x0000000000000400 rw !x
*default*        0x0000000000000000 0xffffffffffffffff

Linker script and memory map

Address of section .data set to 0x800100
LOAD /usr/lib/gcc/avr/5.4.0/../../../avr/lib/avr35/crtatmega16u2.o
LOAD obj/MassStorage.o
LOAD obj/Descriptors.o
LOAD obj/spi.o
LOAD obj/AT45DB641E.o
LOAD obj/DataflashManager.o
LOAD obj/SCSI.o
LOAD obj/HIDParser.o
LOAD obj/Device_AVR8.o
LOAD obj/EndpointStream_AVR8.o
LOAD obj/Endpoint_AVR8.o
LOAD obj/Host_AVR8.o
LOAD obj/PipeStream_AVR8.o
LOAD obj/Pipe_AVR8.o
LOAD obj/USBController_AVR8.o
LOAD obj/USBInterrupt_AVR8.o
LOAD obj/ConfigDescriptors.o
LOAD obj/DeviceStandardReq.o
LOAD obj/Events.o
LOAD obj/HostStandardReq.o
LOAD obj/USBTask.o
LOAD obj/AudioClassDevice.o
LOAD obj/CCIDClassDevice.o
LOAD obj/CDCClassDevice.o
LOAD obj/HIDClassDevice.o
LOAD obj/MassStorageClassDevice.o
LOAD obj/MIDIClassDevice.o
LOAD obj/PrinterClassDevice.o
LOAD obj/RNDISClassDevice.o
LOAD obj/AndroidAccessoryClassHost.o
LOAD obj/AudioClassHost.o
LOAD obj/CDCClassHost.o
LOAD obj/HIDClassHost.o
LOAD obj/MassStorageClassHost.o
LOAD obj/MIDIClassHost.o
LOAD obj/PrinterClassHost.o
LOAD obj/RNDISClassHost.o
LOAD obj/StillImageClassHost.o
LOAD /usr/lib/gcc/avr/5.4.0/../../../avr/lib/avr35/libm.a
START GROUP
LOAD /usr/lib/gcc/avr/5.4.0/avr35/libgcc.a
LOAD /usr/lib/gcc/avr/5.4.0/../../../avr/lib/avr35/libm.a
LOAD /usr/lib/gcc/avr/5.4.0/../../../avr/lib/avr35/libc.a
LOAD /usr/lib/gcc/avr/5.4.0/../../../avr/lib/avr35/libatmega16u2.a
END GROUP
                0x0000000000000000                __TEXT_REGION_ORIGIN__ = DEFINED (__TEXT_REGION_ORIGIN__)?__TEXT_REGION_ORIGIN__:0x0
                [0x0000000000800100]                __DATA_REGION_ORIGIN__ = DEFINED (__DATA_REGION_ORIGIN__)?__DATA_REGION_ORIGIN__:0x800060
                [0x0000000000004000]                __TEXT_REGION_LENGTH__ = DEFINED (__TEXT_REGION_LENGTH__)?__TEXT_REGION_LENGTH__:0x10000
                [0x0000000000000200]                __DATA_REGION_LENGTH__ = DEFINED (__DATA_REGION_LENGTH__)?__DATA_REGION_LENGTH__:0xffa0
                [0x0000000000000200]                __EEPROM_REGION_LENGTH__ = DEFINED (__EEPROM_REGION_LENGTH__)?__EEPROM_REGION_LENGTH__:0x10000
                [0x0000000000000003]                __FUSE_REGION_LENGTH__ = DEFINED (__FUSE_REGION_LENGTH__)?__FUSE_REGION_LENGTH__:0x400
                0x0000000000000400                __LOCK_REGION_LENGTH__ = DEFINED (__LOCK_REGION_LENGTH__)?__LOCK_REGION_LENGTH__:0x400
                0x0000000000000400                __SIGNATURE_REGION_LENGTH__ = DEFINED (__SIGNATURE_REGION_LENGTH__)?__SIGNATURE_REGION_LENGTH__:0x400
                0x0000000000000400                __USER_SIGNATURE_REGION_LENGTH__ = DEFINED (__USER_SIGNATURE_REGION_LENGTH__)?__USER_SIGNATURE_REGION_LENGTH__:0x400

.hash
 *(.hash)

.dynsym
 *(.dynsym)

.dynstr
 *(.dynstr)

.gnu.version
 *(.gnu.version)

.gnu.version_d
 *(.gnu.version_d)

.gnu.version_r
 *(.gnu.version_r)

.rel.init
 *(.rel.init)

.rela.init
 *(.rela.init)

.rel.text
 *(.rel.text)
 *(.rel.text.*)
 *(.rel.gnu.linkonce.t*)

.rela.text
 *(.rela.text)
 *(.rela.text.*)
 *(.rela.gnu.linkonce.t*)

.rel.fini
 *(.rel.fini)

.rela.fini
 *(.rela.fini)

.rel.rodata
 *(.rel.rodata)
 *(.rel.rodata.*)
 *(.rel.gnu.linkonce.r*)

.rela.rodata
 *(.rela.rodata)
 *(.rela.rodata.*)
 *(.rela.gnu.linkonce.r*)

.rel.data
 *(.rel.data)
 *(.rel.data.*)
 *(.rel.gnu.linkonce.d*)

.rela.data
 *(.rela.data)
 *(.rela.data.*)
 *(.rela.gnu.linkonce.d*)

.rel.ctors
 *(.rel.ctors)

.rela.ctors
 *(.rela.ctors)

.rel.dtors
 *(.rel.dtors)

.rela.dtors
 *(.rela.dtors)

.rel.got
 *(.rel.got)

.rela.got
 *(.rela.got)

.rel.bss
 *(.rel.bss)

.rela.bss
 *(.rela.bss)

.rel.plt
 *(.rel.plt)

.rela.plt
 *(.rela.plt)

.text           0x0000000000000000     0x1bf8
 *(.vectors)
 .vectors       0x0000000000000000       0x74 /usr/lib/gcc/avr/5.4.0/../../../avr/lib/avr35/crtatmega16u2.o
                0x0000000000000000                __vectors
                0x0000000000000000                __vector_default
 *(.vectors)
 *(.progmem.gcc*)
                0x0000000000000074                . = ALIGN (0x2)
                0x0000000000000074                __trampolines_start = .
 *(.trampolines)
 .trampolines   0x0000000000000074        0x0 linker stubs
 *(.trampolines*)
                0x0000000000000074                __trampolines_end = .
 *libprintf_flt.a:*(.progmem.data)
 *libc.a:*(.progmem.data)
 *(.progmem*)
 .progmem.data  0x0000000000000074       0x80 obj/Descriptors.o
                0x0000000000000074                ProductString
                0x00000000000000a4                ManufacturerString
                0x00000000000000be                LanguageString
                0x00000000000000c2                ConfigurationDescriptor
                0x00000000000000e2                DeviceDescriptor
                0x00000000000000f4                . = ALIGN (0x2)
 *(.jumptables)
 *(.jumptables*)
 *(.lowtext)
 *(.lowtext*)
                0x00000000000000f4                __ctors_start = .
 *(.ctors)
                0x00000000000000f4                __ctors_end = .
                0x00000000000000f4                __dtors_start = .
 *(.dtors)
                0x00000000000000f4                __dtors_end = .
 SORT(*)(.ctors)
 SORT(*)(.dtors)
 *(.init0)
 .init0         0x00000000000000f4        0x0 /usr/lib/gcc/avr/5.4.0/../../../avr/lib/avr35/crtatmega16u2.o
                0x00000000000000f4                __init
 *(.init0)
 *(.init1)
 *(.init1)
 *(.init2)
 .init2         0x00000000000000f4        0xc /usr/lib/gcc/avr/5.4.0/../../../avr/lib/avr35/crtatmega16u2.o
 *(.init2)
 *(.init3)
 *(.init3)
 *(.init4)
 .init4         0x0000000000000100       0x16 /usr/lib/gcc/avr/5.4.0/avr35/libgcc.a(_copy_data.o)
                0x0000000000000100                __do_copy_data
 .init4         0x0000000000000116       0x10 /usr/lib/gcc/avr/5.4.0/avr35/libgcc.a(_clear_bss.o)
                0x0000000000000116                __do_clear_bss
 *(.init4)
 *(.init5)
 *(.init5)
 *(.init6)
 *(.init6)
 *(.init7)
 *(.init7)
 *(.init8)
 *(.init8)
 *(.init9)
 .init9         0x0000000000000126        0x6 /usr/lib/gcc/avr/5.4.0/../../../avr/lib/avr35/crtatmega16u2.o
 *(.init9)
 *(.text)
 .text          0x000000000000012c        0x2 /usr/lib/gcc/avr/5.4.0/../../../avr/lib/avr35/crtatmega16u2.o
                0x000000000000012c                __vector_22
                0x000000000000012c                __vector_28
                0x000000000000012c                __vector_1
                0x000000000000012c                __vector_24
                0x000000000000012c                __bad_interrupt
                0x000000000000012c                __vector_6
                0x000000000000012c                __vector_3
                0x000000000000012c                __vector_23
                0x000000000000012c                __vector_25
                0x000000000000012c                __vector_13
                0x000000000000012c                __vector_17
                0x000000000000012c                __vector_19
                0x000000000000012c                __vector_7
                0x000000000000012c                __vector_27
                0x000000000000012c                __vector_5
                0x000000000000012c                __vector_4
                0x000000000000012c                __vector_9
                0x000000000000012c                __vector_2
                0x000000000000012c                __vector_21
                0x000000000000012c                __vector_15
                0x000000000000012c                __vector_8
                0x000000000000012c                __vector_26
                0x000000000000012c                __vector_14
                0x000000000000012c                __vector_10
                0x000000000000012c                __vector_16
                0x000000000000012c                __vector_18
                0x000000000000012c                __vector_20
                0x000000000000012e                . = ALIGN (0x2)
 *(.text.*)
 .text.init_button
                0x000000000000012e        0xa obj/MassStorage.o
                0x000000000000012e                init_button
 .text.vumetre  0x0000000000000138       0xa0 obj/MassStorage.o
                0x0000000000000138                vumetre
 .text.SetupHardware
                0x00000000000001d8       0x3e obj/MassStorage.o
                0x00000000000001d8                SetupHardware
 .text.startup.main
                0x0000000000000216       0x50 obj/MassStorage.o
                0x0000000000000216                main
 .text.EVENT_USB_Device_Connect
                0x0000000000000266        0x2 obj/MassStorage.o
                0x0000000000000266                EVENT_USB_Device_Connect
 .text.EVENT_USB_Device_Disconnect
                0x0000000000000268        0x2 obj/MassStorage.o
                0x0000000000000268                EVENT_USB_Device_Disconnect
 .text.EVENT_USB_Device_ConfigurationChanged
                0x000000000000026a        0x8 obj/MassStorage.o
                0x000000000000026a                EVENT_USB_Device_ConfigurationChanged
 .text.EVENT_USB_Device_ControlRequest
                0x0000000000000272        0x8 obj/MassStorage.o
                0x0000000000000272                EVENT_USB_Device_ControlRequest
 .text.CALLBACK_MS_Device_SCSICommandReceived
                0x000000000000027a        0x2 obj/MassStorage.o
                0x000000000000027a                CALLBACK_MS_Device_SCSICommandReceived
 .text.CALLBACK_USB_GetDescriptor
                0x000000000000027c       0x60 obj/Descriptors.o
                0x000000000000027c                CALLBACK_USB_GetDescriptor
 .text.spi_init
                0x00000000000002dc       0x16 obj/spi.o
                0x00000000000002dc                spi_init
 .text.spi_exch
                0x00000000000002f2        0xc obj/spi.o
                0x00000000000002f2                spi_exch
 .text.AT45DB641E_page_size
                0x00000000000002fe       0x62 obj/AT45DB641E.o
                0x00000000000002fe                AT45DB641E_page_size
 .text.AT45DB641E_cmd
                0x0000000000000360       0x6c obj/AT45DB641E.o
                0x0000000000000360                AT45DB641E_cmd
 .text.AT45DB641E_busy
                0x00000000000003cc       0x36 obj/AT45DB641E.o
                0x00000000000003cc                AT45DB641E_busy
 .text.AT45DB641E_write_buffer
                0x0000000000000402       0x9c obj/AT45DB641E.o
                0x0000000000000402                AT45DB641E_write_buffer
 .text.AT45DB641E_write_page
                0x000000000000049e       0x6a obj/AT45DB641E.o
                0x000000000000049e                AT45DB641E_write_page
 .text.AT45DB641E_read_page
                0x0000000000000508       0xb2 obj/AT45DB641E.o
                0x0000000000000508                AT45DB641E_read_page
 .text.DataflashManager_Initialisation
                0x00000000000005ba       0x4e obj/DataflashManager.o
                0x00000000000005ba                DataflashManager_Initialisation
 .text.DataflashManager_WriteBlocks
                0x0000000000000608      0x260 obj/DataflashManager.o
                0x0000000000000608                DataflashManager_WriteBlocks
 .text.DataflashManager_Erase
                0x0000000000000868      0x13e obj/DataflashManager.o
                0x0000000000000868                DataflashManager_Erase
 .text.DataflashManager_ReadBlocks
                0x00000000000009a6      0x20e obj/DataflashManager.o
                0x00000000000009a6                DataflashManager_ReadBlocks
 .text.DataflashManager_ResetDataflashProtections
                0x0000000000000bb4        0x2 obj/DataflashManager.o
                0x0000000000000bb4                DataflashManager_ResetDataflashProtections
 .text.DataflashManager_CheckDataflashOperation
                0x0000000000000bb6        0x4 obj/DataflashManager.o
                0x0000000000000bb6                DataflashManager_CheckDataflashOperation
 .text.SCSI_Command_ReadWrite_10
                0x0000000000000bba       0x8a obj/SCSI.o
 .text.SCSI_DecodeSCSICommand
                0x0000000000000c44      0x23e obj/SCSI.o
                0x0000000000000c44                SCSI_DecodeSCSICommand
 .text.Endpoint_Null_Stream
                0x0000000000000e82       0x68 obj/EndpointStream_AVR8.o
                0x0000000000000e82                Endpoint_Null_Stream
 .text.Endpoint_Write_Stream_LE
                0x0000000000000eea       0x92 obj/EndpointStream_AVR8.o
                0x0000000000000eea                Endpoint_Write_Stream_LE
 .text.Endpoint_Write_Stream_BE
                0x0000000000000f7c       0x9c obj/EndpointStream_AVR8.o
                0x0000000000000f7c                Endpoint_Write_Stream_BE
 .text.Endpoint_Read_Stream_LE
                0x0000000000001018       0x92 obj/EndpointStream_AVR8.o
                0x0000000000001018                Endpoint_Read_Stream_LE
 .text.Endpoint_Write_Control_Stream_LE
                0x00000000000010aa       0xb6 obj/EndpointStream_AVR8.o
                0x00000000000010aa                Endpoint_Write_Control_Stream_LE
 .text.Endpoint_Write_Control_PStream_LE
                0x0000000000001160       0xbc obj/EndpointStream_AVR8.o
                0x0000000000001160                Endpoint_Write_Control_PStream_LE
 .text.Endpoint_ConfigureEndpoint_Prv
                0x000000000000121c       0x6a obj/Endpoint_AVR8.o
                0x000000000000121c                Endpoint_ConfigureEndpoint_Prv
 .text.Endpoint_ConfigureEndpointTable
                0x0000000000001286       0x7a obj/Endpoint_AVR8.o
                0x0000000000001286                Endpoint_ConfigureEndpointTable
 .text.Endpoint_ClearStatusStage
                0x0000000000001300       0x3e obj/Endpoint_AVR8.o
                0x0000000000001300                Endpoint_ClearStatusStage
 .text.Endpoint_WaitUntilReady
                0x000000000000133e       0x66 obj/Endpoint_AVR8.o
                0x000000000000133e                Endpoint_WaitUntilReady
 .text.USB_ResetInterface
                0x00000000000013a4       0x70 obj/USBController_AVR8.o
                0x00000000000013a4                USB_ResetInterface
 .text.USB_Init
                0x0000000000001414       0x12 obj/USBController_AVR8.o
                0x0000000000001414                USB_Init
 .text.USB_INT_DisableAllInterrupts
                0x0000000000001426        0x6 obj/USBInterrupt_AVR8.o
                0x0000000000001426                USB_INT_DisableAllInterrupts
 .text.USB_INT_ClearAllInterrupts
                0x000000000000142c        0x6 obj/USBInterrupt_AVR8.o
                0x000000000000142c                USB_INT_ClearAllInterrupts
 .text.__vector_11
                0x0000000000001432      0x154 obj/USBInterrupt_AVR8.o
                0x0000000000001432                __vector_11
 .text.__vector_12
                0x0000000000001586       0x86 obj/USBInterrupt_AVR8.o
                0x0000000000001586                __vector_12
 .text.USB_Device_ProcessControlRequest
                0x000000000000160c      0x2c8 obj/DeviceStandardReq.o
                0x000000000000160c                USB_Device_ProcessControlRequest
 .text.USB_Event_Stub
                0x00000000000018d4        0x2 obj/Events.o
                0x00000000000018d4                EVENT_USB_Device_WakeUp
                0x00000000000018d4                USB_Event_Stub
                0x00000000000018d4                EVENT_USB_Device_Suspend
                0x00000000000018d4                EVENT_USB_Device_StartOfFrame
                0x00000000000018d4                EVENT_USB_Device_Reset
 .text.USB_USBTask
                0x00000000000018d6       0x34 obj/USBTask.o
                0x00000000000018d6                USB_USBTask
 .text.MS_Device_ProcessControlRequest
                0x000000000000190a       0x82 obj/MassStorageClassDevice.o
                0x000000000000190a                MS_Device_ProcessControlRequest
 .text.MS_Device_ConfigureEndpoints
                0x000000000000198c       0x3a obj/MassStorageClassDevice.o
                0x000000000000198c                MS_Device_ConfigureEndpoints
 .text.MS_Device_USBTask
                0x00000000000019c6      0x22e obj/MassStorageClassDevice.o
                0x00000000000019c6                MS_Device_USBTask
                0x0000000000001bf4                . = ALIGN (0x2)
 *(.fini9)
 .fini9         0x0000000000001bf4        0x0 /usr/lib/gcc/avr/5.4.0/avr35/libgcc.a(_exit.o)
                0x0000000000001bf4                exit
                0x0000000000001bf4                _exit
 *(.fini9)
 *(.fini8)
 *(.fini8)
 *(.fini7)
 *(.fini7)
 *(.fini6)
 *(.fini6)
 *(.fini5)
 *(.fini5)
 *(.fini4)
 *(.fini4)
 *(.fini3)
 *(.fini3)
 *(.fini2)
 *(.fini2)
 *(.fini1)
 *(.fini1)
 *(.fini0)
 .fini0         0x0000000000001bf4        0x4 /usr/lib/gcc/avr/5.4.0/avr35/libgcc.a(_exit.o)
 *(.fini0)
                0x0000000000001bf8                _etext = .

.data           0x0000000000800100       0x74 load address 0x0000000000001bf8
                0x0000000000800100                PROVIDE (__data_start, .)
 *(.data)
 .data          0x0000000000800100       0x3d obj/MassStorage.o
                0x0000000000800104                Disk_MS_Interface
 .data          0x000000000080013d       0x12 obj/SCSI.o
 *(.data*)
 *(.gnu.linkonce.d*)
 *(.rodata)
 .rodata        0x000000000080014f       0x24 obj/SCSI.o
 *(.rodata*)
 *(.gnu.linkonce.r*)
                0x0000000000800174                . = ALIGN (0x2)
 *fill*         0x0000000000800173        0x1 
                0x0000000000800174                _edata = .
                0x0000000000800174                PROVIDE (__data_end, .)

.bss            0x0000000000800174       0x10
                0x0000000000800174                PROVIDE (__bss_start, .)
 *(.bss)
 .bss           0x0000000000800174        0x3 obj/MassStorage.o
 *(.bss*)
 *(COMMON)
 COMMON         0x0000000000800177        0x3 obj/DeviceStandardReq.o
                0x0000000000800177                USB_Device_ConfigurationNumber
                0x0000000000800178                USB_Device_CurrentlySelfPowered
                0x0000000000800179                USB_Device_RemoteWakeupEnabled
 COMMON         0x000000000080017a        0xa obj/USBTask.o
                0x000000000080017a                USB_IsInitialized
                0x000000000080017b                USB_DeviceState
                0x000000000080017c                USB_ControlRequest
                0x0000000000800184                PROVIDE (__bss_end, .)
                0x0000000000001bf8                __data_load_start = LOADADDR (.data)
                0x0000000000001c6c                __data_load_end = (__data_load_start + SIZEOF (.data))

.noinit         0x0000000000800184        0x0
                [!provide]                        PROVIDE (__noinit_start, .)
 *(.noinit*)
                [!provide]                        PROVIDE (__noinit_end, .)
                0x0000000000800184                _end = .
                [!provide]                        PROVIDE (__heap_start, .)

.eeprom         0x0000000000810000        0x0
 *(.eeprom*)
                0x0000000000810000                __eeprom_end = .

.fuse
 *(.fuse)
 *(.lfuse)
 *(.hfuse)
 *(.efuse)

.lock
 *(.lock*)

.signature
 *(.signature*)

.user_signatures
 *(.user_signatures*)

.stab
 *(.stab)

.stabstr
 *(.stabstr)

.stab.excl
 *(.stab.excl)

.stab.exclstr
 *(.stab.exclstr)

.stab.index
 *(.stab.index)

.stab.indexstr
 *(.stab.indexstr)

.comment        0x0000000000000000       0x11
 *(.comment)
 .comment       0x0000000000000000       0x11 obj/MassStorage.o
                                         0x12 (size before relaxing)
 .comment       0x0000000000000011       0x12 obj/Descriptors.o
 .comment       0x0000000000000011       0x12 obj/spi.o
 .comment       0x0000000000000011       0x12 obj/AT45DB641E.o
 .comment       0x0000000000000011       0x12 obj/DataflashManager.o
 .comment       0x0000000000000011       0x12 obj/SCSI.o
 .comment       0x0000000000000011       0x12 obj/EndpointStream_AVR8.o
 .comment       0x0000000000000011       0x12 obj/Endpoint_AVR8.o
 .comment       0x0000000000000011       0x12 obj/USBController_AVR8.o
 .comment       0x0000000000000011       0x12 obj/USBInterrupt_AVR8.o
 .comment       0x0000000000000011       0x12 obj/DeviceStandardReq.o
 .comment       0x0000000000000011       0x12 obj/Events.o
 .comment       0x0000000000000011       0x12 obj/USBTask.o
 .comment       0x0000000000000011       0x12 obj/MassStorageClassDevice.o

.note.gnu.avr.deviceinfo
                0x0000000000000000       0x40
 .note.gnu.avr.deviceinfo
                0x0000000000000000       0x40 /usr/lib/gcc/avr/5.4.0/../../../avr/lib/avr35/crtatmega16u2.o

.note.gnu.build-id
 *(.note.gnu.build-id)

.debug
 *(.debug)

.line
 *(.line)

.debug_srcinfo
 *(.debug_srcinfo)

.debug_sfnames
 *(.debug_sfnames)

.debug_aranges  0x0000000000000000      0x368
 *(.debug_aranges)
 .debug_aranges
                0x0000000000000000       0x58 obj/MassStorage.o
 .debug_aranges
                0x0000000000000058       0x20 obj/Descriptors.o
 .debug_aranges
                0x0000000000000078       0x28 obj/spi.o
 .debug_aranges
                0x00000000000000a0       0x48 obj/AT45DB641E.o
 .debug_aranges
                0x00000000000000e8       0x48 obj/DataflashManager.o
 .debug_aranges
                0x0000000000000130       0x28 obj/SCSI.o
 .debug_aranges
                0x0000000000000158       0xc8 obj/EndpointStream_AVR8.o
 .debug_aranges
                0x0000000000000220       0x40 obj/Endpoint_AVR8.o
 .debug_aranges
                0x0000000000000260       0x30 obj/USBController_AVR8.o
 .debug_aranges
                0x0000000000000290       0x38 obj/USBInterrupt_AVR8.o
 .debug_aranges
                0x00000000000002c8       0x20 obj/DeviceStandardReq.o
 .debug_aranges
                0x00000000000002e8       0x30 obj/Events.o
 .debug_aranges
                0x0000000000000318       0x20 obj/USBTask.o
 .debug_aranges
                0x0000000000000338       0x30 obj/MassStorageClassDevice.o

.debug_pubnames
 *(.debug_pubnames)

.debug_info     0x0000000000000000     0x6ddd
 *(.debug_info .gnu.linkonce.wi.*)
 .debug_info    0x0000000000000000      0x6ba /usr/lib/gcc/avr/5.4.0/../../../avr/lib/avr35/crtatmega16u2.o
 .debug_info    0x00000000000006ba      0x688 obj/MassStorage.o
 .debug_info    0x0000000000000d42      0x61b obj/Descriptors.o
 .debug_info    0x000000000000135d       0xad obj/spi.o
 .debug_info    0x000000000000140a      0x4fd obj/AT45DB641E.o
 .debug_info    0x0000000000001907      0x925 obj/DataflashManager.o
 .debug_info    0x000000000000222c      0xba8 obj/SCSI.o
 .debug_info    0x0000000000002dd4     0x17b6 obj/EndpointStream_AVR8.o
 .debug_info    0x000000000000458a      0x620 obj/Endpoint_AVR8.o
 .debug_info    0x0000000000004baa      0x483 obj/USBController_AVR8.o
 .debug_info    0x000000000000502d      0x722 obj/USBInterrupt_AVR8.o
 .debug_info    0x000000000000574f      0xa41 obj/DeviceStandardReq.o
 .debug_info    0x0000000000006190       0xde obj/Events.o
 .debug_info    0x000000000000626e      0x272 obj/USBTask.o
 .debug_info    0x00000000000064e0      0x8fd obj/MassStorageClassDevice.o

.debug_abbrev   0x0000000000000000     0x1fd2
 *(.debug_abbrev)
 .debug_abbrev  0x0000000000000000      0x65d /usr/lib/gcc/avr/5.4.0/../../../avr/lib/avr35/crtatmega16u2.o
 .debug_abbrev  0x000000000000065d      0x2eb obj/MassStorage.o
 .debug_abbrev  0x0000000000000948      0x159 obj/Descriptors.o
 .debug_abbrev  0x0000000000000aa1       0x7a obj/spi.o
 .debug_abbrev  0x0000000000000b1b      0x10e obj/AT45DB641E.o
 .debug_abbrev  0x0000000000000c29      0x23c obj/DataflashManager.o
 .debug_abbrev  0x0000000000000e65      0x2b5 obj/SCSI.o
 .debug_abbrev  0x000000000000111a      0x1ea obj/EndpointStream_AVR8.o
 .debug_abbrev  0x0000000000001304      0x226 obj/Endpoint_AVR8.o
 .debug_abbrev  0x000000000000152a      0x188 obj/USBController_AVR8.o
 .debug_abbrev  0x00000000000016b2      0x213 obj/USBInterrupt_AVR8.o
 .debug_abbrev  0x00000000000018c5      0x29c obj/DeviceStandardReq.o
 .debug_abbrev  0x0000000000001b61       0x99 obj/Events.o
 .debug_abbrev  0x0000000000001bfa      0x16b obj/USBTask.o
 .debug_abbrev  0x0000000000001d65      0x26d obj/MassStorageClassDevice.o

.debug_line     0x0000000000000000     0x3c14
 *(.debug_line .debug_line.* .debug_line_end)
 .debug_line    0x0000000000000000       0x1a /usr/lib/gcc/avr/5.4.0/../../../avr/lib/avr35/crtatmega16u2.o
 .debug_line    0x000000000000001a      0x3e8 obj/MassStorage.o
 .debug_line    0x0000000000000402      0x1c2 obj/Descriptors.o
 .debug_line    0x00000000000005c4       0xa8 obj/spi.o
 .debug_line    0x000000000000066c      0x231 obj/AT45DB641E.o
 .debug_line    0x000000000000089d      0x60c obj/DataflashManager.o
 .debug_line    0x0000000000000ea9      0x385 obj/SCSI.o
 .debug_line    0x000000000000122e     0x13bc obj/EndpointStream_AVR8.o
 .debug_line    0x00000000000025ea      0x463 obj/Endpoint_AVR8.o
 .debug_line    0x0000000000002a4d      0x296 obj/USBController_AVR8.o
 .debug_line    0x0000000000002ce3      0x46b obj/USBInterrupt_AVR8.o
 .debug_line    0x000000000000314e      0x45d obj/DeviceStandardReq.o
 .debug_line    0x00000000000035ab       0x93 obj/Events.o
 .debug_line    0x000000000000363e      0x154 obj/USBTask.o
 .debug_line    0x0000000000003792      0x482 obj/MassStorageClassDevice.o

.debug_frame    0x0000000000000000      0xab8
 *(.debug_frame)
 .debug_frame   0x0000000000000000       0xa4 obj/MassStorage.o
 .debug_frame   0x00000000000000a4       0x24 obj/Descriptors.o
 .debug_frame   0x00000000000000c8       0x34 obj/spi.o
 .debug_frame   0x00000000000000fc      0x174 obj/AT45DB641E.o
 .debug_frame   0x0000000000000270      0x140 obj/DataflashManager.o
 .debug_frame   0x00000000000003b0       0x78 obj/SCSI.o
 .debug_frame   0x0000000000000428      0x3bc obj/EndpointStream_AVR8.o
 .debug_frame   0x00000000000007e4       0x78 obj/Endpoint_AVR8.o
 .debug_frame   0x000000000000085c       0x44 obj/USBController_AVR8.o
 .debug_frame   0x00000000000008a0       0xec obj/USBInterrupt_AVR8.o
 .debug_frame   0x000000000000098c       0x3c obj/DeviceStandardReq.o
 .debug_frame   0x00000000000009c8       0x44 obj/Events.o
 .debug_frame   0x0000000000000a0c       0x2c obj/USBTask.o
 .debug_frame   0x0000000000000a38       0x80 obj/MassStorageClassDevice.o

.debug_str      0x0000000000000000     0x24ff
 *(.debug_str)
 .debug_str     0x0000000000000000      0x262 /usr/lib/gcc/avr/5.4.0/../../../avr/lib/avr35/crtatmega16u2.o
 .debug_str     0x0000000000000262      0x5e7 obj/MassStorage.o
                                        0x65a (size before relaxing)
 .debug_str     0x0000000000000849      0x5ce obj/Descriptors.o
                                        0x83c (size before relaxing)
 .debug_str     0x0000000000000e17       0x23 obj/spi.o
                                        0x1c9 (size before relaxing)
 .debug_str     0x0000000000000e3a       0xa8 obj/AT45DB641E.o
                                        0x271 (size before relaxing)
 .debug_str     0x0000000000000ee2       0xe1 obj/DataflashManager.o
                                        0x50f (size before relaxing)
 .debug_str     0x0000000000000fc3      0x325 obj/SCSI.o
                                        0x754 (size before relaxing)
 .debug_str     0x00000000000012e8      0x5c5 obj/EndpointStream_AVR8.o
                                        0x88e (size before relaxing)
 .debug_str     0x00000000000018ad      0x2d6 obj/Endpoint_AVR8.o
                                        0x64e (size before relaxing)
 .debug_str     0x0000000000001b83      0x264 obj/USBController_AVR8.o
                                        0x564 (size before relaxing)
 .debug_str     0x0000000000001de7      0x14a obj/USBInterrupt_AVR8.o
                                        0x5b9 (size before relaxing)
 .debug_str     0x0000000000001f31      0x413 obj/DeviceStandardReq.o
                                        0x9dd (size before relaxing)
 .debug_str     0x0000000000002344       0x56 obj/Events.o
                                        0x1fc (size before relaxing)
 .debug_str     0x000000000000239a       0x42 obj/USBTask.o
                                        0x3b3 (size before relaxing)
 .debug_str     0x00000000000023dc      0x123 obj/MassStorageClassDevice.o
                                        0x834 (size before relaxing)

.debug_loc      0x0000000000000000     0x40be
 *(.debug_loc)
 .debug_loc     0x0000000000000000       0x5e obj/MassStorage.o
 .debug_loc     0x000000000000005e      0x186 obj/Descriptors.o
 .debug_loc     0x00000000000001e4       0x1f obj/spi.o
 .debug_loc     0x0000000000000203      0x868 obj/AT45DB641E.o
 .debug_loc     0x0000000000000a6b      0x595 obj/DataflashManager.o
 .debug_loc     0x0000000000001000      0x3cd obj/SCSI.o
 .debug_loc     0x00000000000013cd     0x1f3d obj/EndpointStream_AVR8.o
 .debug_loc     0x000000000000330a      0x399 obj/Endpoint_AVR8.o
 .debug_loc     0x00000000000036a3       0x78 obj/USBController_AVR8.o
 .debug_loc     0x000000000000371b      0x3b8 obj/USBInterrupt_AVR8.o
 .debug_loc     0x0000000000003ad3      0x2f6 obj/DeviceStandardReq.o
 .debug_loc     0x0000000000003dc9       0x49 obj/USBTask.o
 .debug_loc     0x0000000000003e12      0x2ac obj/MassStorageClassDevice.o

.debug_macinfo
 *(.debug_macinfo)

.debug_weaknames
 *(.debug_weaknames)

.debug_funcnames
 *(.debug_funcnames)

.debug_typenames
 *(.debug_typenames)

.debug_varnames
 *(.debug_varnames)

.debug_pubtypes
 *(.debug_pubtypes)

.debug_ranges   0x0000000000000000      0x440
 *(.debug_ranges)
 .debug_ranges  0x0000000000000000       0x48 obj/MassStorage.o
 .debug_ranges  0x0000000000000048       0x28 obj/Descriptors.o
 .debug_ranges  0x0000000000000070       0x18 obj/spi.o
 .debug_ranges  0x0000000000000088       0x38 obj/AT45DB641E.o
 .debug_ranges  0x00000000000000c0       0x38 obj/DataflashManager.o
 .debug_ranges  0x00000000000000f8       0x18 obj/SCSI.o
 .debug_ranges  0x0000000000000110      0x1f8 obj/EndpointStream_AVR8.o
 .debug_ranges  0x0000000000000308       0x78 obj/Endpoint_AVR8.o
 .debug_ranges  0x0000000000000380       0x20 obj/USBController_AVR8.o
 .debug_ranges  0x00000000000003a0       0x28 obj/USBInterrupt_AVR8.o
 .debug_ranges  0x00000000000003c8       0x28 obj/DeviceStandardReq.o
 .debug_ranges  0x00000000000003f0       0x20 obj/Events.o
 .debug_ranges  0x0000000000000410       0x10 obj/USBTask.o
 .debug_ranges  0x0000000000000420       0x20 obj/MassStorageClassDevice.o

.debug_macro
 *(.debug_macro)
OUTPUT(MassStorage.elf elf32-avr)
LOAD linker stubs

Cross Reference Table

Symbol                                            File
AT45DB641E_busy                                   obj/AT45DB641E.o
AT45DB641E_cmd                                    obj/AT45DB641E.o
AT45DB641E_page_size                              obj/AT45DB641E.o
                                                  obj/DataflashManager.o
AT45DB641E_read_page                              obj/AT45DB641E.o
                                                  obj/DataflashManager.o
AT45DB641E_write_buffer                           obj/AT45DB641E.o
                                                  obj/DataflashManager.o
AT45DB641E_write_page                             obj/AT45DB641E.o
                                                  obj/DataflashManager.o
Audio_Device_ConfigureEndpoints                   obj/AudioClassDevice.o
Audio_Device_Event_Stub                           obj/AudioClassDevice.o
Audio_Device_ProcessControlRequest                obj/AudioClassDevice.o
CALLBACK_Audio_Device_GetSetEndpointProperty      obj/AudioClassDevice.o
CALLBACK_Audio_Device_GetSetInterfaceProperty     obj/AudioClassDevice.o
CALLBACK_CCID_Abort                               obj/CCIDClassDevice.o
CALLBACK_CCID_GetParameters_T0                    obj/CCIDClassDevice.o
CALLBACK_CCID_GetSlotStatus                       obj/CCIDClassDevice.o
CALLBACK_CCID_IccPowerOff                         obj/CCIDClassDevice.o
CALLBACK_CCID_IccPowerOn                          obj/CCIDClassDevice.o
CALLBACK_CCID_SetParameters_T0                    obj/CCIDClassDevice.o
CALLBACK_CCID_XfrBlock                            obj/CCIDClassDevice.o
CALLBACK_HIDParser_FilterHIDReportItem            obj/HIDParser.o
CALLBACK_HID_Device_CreateHIDReport               obj/HIDClassDevice.o
CALLBACK_HID_Device_ProcessHIDReport              obj/HIDClassDevice.o
CALLBACK_MS_Device_SCSICommandReceived            obj/MassStorage.o
                                                  obj/MassStorageClassDevice.o
CALLBACK_USB_GetDescriptor                        obj/Descriptors.o
                                                  obj/DeviceStandardReq.o
CCID_CheckStatusNoError                           obj/CCIDClassDevice.o
CCID_Device_ConfigureEndpoints                    obj/CCIDClassDevice.o
CCID_Device_ProcessControlRequest                 obj/CCIDClassDevice.o
CCID_Device_USBTask                               obj/CCIDClassDevice.o
CDC_Device_BytesReceived                          obj/CDCClassDevice.o
CDC_Device_ConfigureEndpoints                     obj/CDCClassDevice.o
CDC_Device_CreateBlockingStream                   obj/CDCClassDevice.o
CDC_Device_CreateStream                           obj/CDCClassDevice.o
CDC_Device_Event_Stub                             obj/CDCClassDevice.o
CDC_Device_Event_Stub_2                           obj/CDCClassDevice.o
CDC_Device_Flush                                  obj/CDCClassDevice.o
CDC_Device_ProcessControlRequest                  obj/CDCClassDevice.o
CDC_Device_ReceiveByte                            obj/CDCClassDevice.o
CDC_Device_SendByte                               obj/CDCClassDevice.o
CDC_Device_SendControlLineStateChange             obj/CDCClassDevice.o
CDC_Device_SendData                               obj/CDCClassDevice.o
CDC_Device_SendData_P                             obj/CDCClassDevice.o
CDC_Device_SendString                             obj/CDCClassDevice.o
CDC_Device_SendString_P                           obj/CDCClassDevice.o
CDC_Device_USBTask                                obj/CDCClassDevice.o
ConfigurationDescriptor                           obj/Descriptors.o
DataflashManager_CheckDataflashOperation          obj/DataflashManager.o
                                                  obj/SCSI.o
                                                  obj/MassStorage.o
DataflashManager_Erase                            obj/DataflashManager.o
                                                  obj/MassStorage.o
DataflashManager_Initialisation                   obj/DataflashManager.o
                                                  obj/MassStorage.o
DataflashManager_ReadBlocks                       obj/DataflashManager.o
                                                  obj/SCSI.o
DataflashManager_ResetDataflashProtections        obj/DataflashManager.o
                                                  obj/MassStorage.o
DataflashManager_WriteBlocks                      obj/DataflashManager.o
                                                  obj/SCSI.o
DeviceDescriptor                                  obj/Descriptors.o
Disk_MS_Interface                                 obj/MassStorage.o
EVENT_Audio_Device_StreamStartStop                obj/AudioClassDevice.o
EVENT_CDC_Device_BreakSent                        obj/CDCClassDevice.o
EVENT_CDC_Device_ControLineStateChanged           obj/CDCClassDevice.o
EVENT_CDC_Device_LineEncodingChanged              obj/CDCClassDevice.o
EVENT_PRNT_Device_SoftReset                       obj/PrinterClassDevice.o
EVENT_USB_Device_ConfigurationChanged             obj/MassStorage.o
                                                  obj/DeviceStandardReq.o
EVENT_USB_Device_Connect                          obj/MassStorage.o
                                                  obj/USBInterrupt_AVR8.o
EVENT_USB_Device_ControlRequest                   obj/MassStorage.o
                                                  obj/DeviceStandardReq.o
EVENT_USB_Device_Disconnect                       obj/MassStorage.o
                                                  obj/USBInterrupt_AVR8.o
EVENT_USB_Device_Reset                            obj/Events.o
                                                  obj/USBInterrupt_AVR8.o
EVENT_USB_Device_StartOfFrame                     obj/Events.o
                                                  obj/USBInterrupt_AVR8.o
EVENT_USB_Device_Suspend                          obj/Events.o
EVENT_USB_Device_WakeUp                           obj/Events.o
Endpoint_ClearEndpoints                           obj/Endpoint_AVR8.o
Endpoint_ClearStatusStage                         obj/Endpoint_AVR8.o
                                                  obj/PrinterClassDevice.o
                                                  obj/MassStorageClassDevice.o
                                                  obj/HIDClassDevice.o
                                                  obj/CDCClassDevice.o
                                                  obj/AudioClassDevice.o
                                                  obj/DeviceStandardReq.o
Endpoint_ConfigureEndpointTable                   obj/Endpoint_AVR8.o
                                                  obj/RNDISClassDevice.o
                                                  obj/PrinterClassDevice.o
                                                  obj/MIDIClassDevice.o
                                                  obj/MassStorageClassDevice.o
                                                  obj/HIDClassDevice.o
                                                  obj/CDCClassDevice.o
                                                  obj/CCIDClassDevice.o
                                                  obj/AudioClassDevice.o
Endpoint_ConfigureEndpoint_Prv                    obj/Endpoint_AVR8.o
                                                  obj/USBInterrupt_AVR8.o
                                                  obj/USBController_AVR8.o
Endpoint_Discard_Stream                           obj/EndpointStream_AVR8.o
Endpoint_Null_Stream                              obj/EndpointStream_AVR8.o
                                                  obj/SCSI.o
Endpoint_Read_Control_EStream_BE                  obj/EndpointStream_AVR8.o
Endpoint_Read_Control_EStream_LE                  obj/EndpointStream_AVR8.o
Endpoint_Read_Control_Stream_BE                   obj/EndpointStream_AVR8.o
Endpoint_Read_Control_Stream_LE                   obj/EndpointStream_AVR8.o
                                                  obj/RNDISClassDevice.o
                                                  obj/HIDClassDevice.o
                                                  obj/AudioClassDevice.o
Endpoint_Read_EStream_BE                          obj/EndpointStream_AVR8.o
Endpoint_Read_EStream_LE                          obj/EndpointStream_AVR8.o
Endpoint_Read_Stream_BE                           obj/EndpointStream_AVR8.o
Endpoint_Read_Stream_LE                           obj/EndpointStream_AVR8.o
                                                  obj/RNDISClassDevice.o
                                                  obj/MIDIClassDevice.o
                                                  obj/MassStorageClassDevice.o
                                                  obj/CCIDClassDevice.o
Endpoint_WaitUntilReady                           obj/Endpoint_AVR8.o
                                                  obj/RNDISClassDevice.o
                                                  obj/PrinterClassDevice.o
                                                  obj/MIDIClassDevice.o
                                                  obj/CDCClassDevice.o
                                                  obj/EndpointStream_AVR8.o
                                                  obj/DataflashManager.o
Endpoint_Write_Control_EStream_BE                 obj/EndpointStream_AVR8.o
Endpoint_Write_Control_EStream_LE                 obj/EndpointStream_AVR8.o
Endpoint_Write_Control_PStream_BE                 obj/EndpointStream_AVR8.o
Endpoint_Write_Control_PStream_LE                 obj/EndpointStream_AVR8.o
                                                  obj/DeviceStandardReq.o
Endpoint_Write_Control_Stream_BE                  obj/EndpointStream_AVR8.o
Endpoint_Write_Control_Stream_LE                  obj/EndpointStream_AVR8.o
                                                  obj/RNDISClassDevice.o
                                                  obj/PrinterClassDevice.o
                                                  obj/HIDClassDevice.o
                                                  obj/AudioClassDevice.o
                                                  obj/DeviceStandardReq.o
Endpoint_Write_EStream_BE                         obj/EndpointStream_AVR8.o
Endpoint_Write_EStream_LE                         obj/EndpointStream_AVR8.o
Endpoint_Write_PStream_BE                         obj/EndpointStream_AVR8.o
Endpoint_Write_PStream_LE                         obj/EndpointStream_AVR8.o
                                                  obj/CDCClassDevice.o
Endpoint_Write_Stream_BE                          obj/EndpointStream_AVR8.o
                                                  obj/SCSI.o
Endpoint_Write_Stream_LE                          obj/EndpointStream_AVR8.o
                                                  obj/RNDISClassDevice.o
                                                  obj/PrinterClassDevice.o
                                                  obj/MIDIClassDevice.o
                                                  obj/MassStorageClassDevice.o
                                                  obj/HIDClassDevice.o
                                                  obj/CDCClassDevice.o
                                                  obj/CCIDClassDevice.o
                                                  obj/SCSI.o
HID_Device_ConfigureEndpoints                     obj/HIDClassDevice.o
HID_Device_ProcessControlRequest                  obj/HIDClassDevice.o
HID_Device_USBTask                                obj/HIDClassDevice.o
LanguageString                                    obj/Descriptors.o
MIDI_Device_ConfigureEndpoints                    obj/MIDIClassDevice.o
MIDI_Device_Flush                                 obj/MIDIClassDevice.o
MIDI_Device_ReceiveEventPacket                    obj/MIDIClassDevice.o
MIDI_Device_SendEventPacket                       obj/MIDIClassDevice.o
MIDI_Device_USBTask                               obj/MIDIClassDevice.o
MS_Device_ConfigureEndpoints                      obj/MassStorageClassDevice.o
                                                  obj/MassStorage.o
MS_Device_ProcessControlRequest                   obj/MassStorageClassDevice.o
                                                  obj/MassStorage.o
MS_Device_USBTask                                 obj/MassStorageClassDevice.o
                                                  obj/MassStorage.o
ManufacturerString                                obj/Descriptors.o
PRNT_Device_BytesReceived                         obj/PrinterClassDevice.o
PRNT_Device_ConfigureEndpoints                    obj/PrinterClassDevice.o
PRNT_Device_CreateBlockingStream                  obj/PrinterClassDevice.o
PRNT_Device_CreateStream                          obj/PrinterClassDevice.o
PRNT_Device_Event_Stub                            obj/PrinterClassDevice.o
PRNT_Device_Flush                                 obj/PrinterClassDevice.o
PRNT_Device_ProcessControlRequest                 obj/PrinterClassDevice.o
PRNT_Device_ReceiveByte                           obj/PrinterClassDevice.o
PRNT_Device_SendByte                              obj/PrinterClassDevice.o
PRNT_Device_SendData                              obj/PrinterClassDevice.o
PRNT_Device_SendString                            obj/PrinterClassDevice.o
PRNT_Device_USBTask                               obj/PrinterClassDevice.o
ProductString                                     obj/Descriptors.o
RNDIS_Device_ConfigureEndpoints                   obj/RNDISClassDevice.o
RNDIS_Device_IsPacketReceived                     obj/RNDISClassDevice.o
RNDIS_Device_ProcessControlRequest                obj/RNDISClassDevice.o
RNDIS_Device_ReadPacket                           obj/RNDISClassDevice.o
RNDIS_Device_SendPacket                           obj/RNDISClassDevice.o
RNDIS_Device_USBTask                              obj/RNDISClassDevice.o
SCSI_DecodeSCSICommand                            obj/SCSI.o
                                                  obj/MassStorage.o
SetupHardware                                     obj/MassStorage.o
USB_ControlRequest                                obj/USBTask.o
                                                  obj/RNDISClassDevice.o
                                                  obj/PrinterClassDevice.o
                                                  obj/MassStorageClassDevice.o
                                                  obj/HIDClassDevice.o
                                                  obj/CDCClassDevice.o
                                                  obj/CCIDClassDevice.o
                                                  obj/AudioClassDevice.o
                                                  obj/DeviceStandardReq.o
                                                  obj/Endpoint_AVR8.o
                                                  obj/EndpointStream_AVR8.o
USB_DeviceState                                   obj/USBTask.o
                                                  obj/RNDISClassDevice.o
                                                  obj/PrinterClassDevice.o
                                                  obj/MIDIClassDevice.o
                                                  obj/MassStorageClassDevice.o
                                                  obj/HIDClassDevice.o
                                                  obj/CDCClassDevice.o
                                                  obj/DeviceStandardReq.o
                                                  obj/USBInterrupt_AVR8.o
                                                  obj/USBController_AVR8.o
                                                  obj/Endpoint_AVR8.o
                                                  obj/EndpointStream_AVR8.o
USB_Device_ConfigurationNumber                    obj/DeviceStandardReq.o
                                                  obj/USBInterrupt_AVR8.o
                                                  obj/USBController_AVR8.o
USB_Device_CurrentlySelfPowered                   obj/DeviceStandardReq.o
                                                  obj/USBController_AVR8.o
USB_Device_ProcessControlRequest                  obj/DeviceStandardReq.o
                                                  obj/USBTask.o
                                                  obj/USBInterrupt_AVR8.o
USB_Device_RemoteWakeupEnabled                    obj/DeviceStandardReq.o
                                                  obj/USBController_AVR8.o
USB_Device_SendRemoteWakeup                       obj/Device_AVR8.o
USB_Disable                                       obj/USBController_AVR8.o
USB_Event_Stub                                    obj/Events.o
USB_Event_Stub_2                                  obj/Events.o
USB_Event_Stub_3                                  obj/Events.o
USB_GetHIDReportItemInfo                          obj/HIDParser.o
USB_GetHIDReportSize                              obj/HIDParser.o
USB_GetNextDescriptorComp                         obj/ConfigDescriptors.o
USB_GetNextDescriptorOfType                       obj/ConfigDescriptors.o
USB_GetNextDescriptorOfTypeAfter                  obj/ConfigDescriptors.o
USB_GetNextDescriptorOfTypeBefore                 obj/ConfigDescriptors.o
USB_INT_ClearAllInterrupts                        obj/USBInterrupt_AVR8.o
                                                  obj/USBController_AVR8.o
USB_INT_DisableAllInterrupts                      obj/USBInterrupt_AVR8.o
                                                  obj/USBController_AVR8.o
USB_Init                                          obj/USBController_AVR8.o
                                                  obj/MassStorage.o
USB_IsInitialized                                 obj/USBTask.o
                                                  obj/USBController_AVR8.o
USB_ProcessHIDReport                              obj/HIDParser.o
USB_ResetInterface                                obj/USBController_AVR8.o
USB_SetHIDReportItemInfo                          obj/HIDParser.o
USB_USBTask                                       obj/USBTask.o
                                                  obj/PrinterClassDevice.o
                                                  obj/CDCClassDevice.o
                                                  obj/MassStorage.o
__DATA_REGION_LENGTH__                            /usr/lib/gcc/avr/5.4.0/../../../avr/lib/avr35/crtatmega16u2.o
__DATA_REGION_ORIGIN__                            /usr/lib/gcc/avr/5.4.0/../../../avr/lib/avr35/crtatmega16u2.o
__EEPROM_REGION_LENGTH__                          /usr/lib/gcc/avr/5.4.0/../../../avr/lib/avr35/crtatmega16u2.o
__FUSE_REGION_LENGTH__                            /usr/lib/gcc/avr/5.4.0/../../../avr/lib/avr35/crtatmega16u2.o
__TEXT_REGION_LENGTH__                            /usr/lib/gcc/avr/5.4.0/../../../avr/lib/avr35/crtatmega16u2.o
__bad_interrupt                                   /usr/lib/gcc/avr/5.4.0/../../../avr/lib/avr35/crtatmega16u2.o
__bss_end                                         /usr/lib/gcc/avr/5.4.0/avr35/libgcc.a(_clear_bss.o)
__bss_start                                       /usr/lib/gcc/avr/5.4.0/avr35/libgcc.a(_clear_bss.o)
__data_end                                        /usr/lib/gcc/avr/5.4.0/avr35/libgcc.a(_copy_data.o)
__data_load_start                                 /usr/lib/gcc/avr/5.4.0/avr35/libgcc.a(_copy_data.o)
__data_start                                      /usr/lib/gcc/avr/5.4.0/avr35/libgcc.a(_copy_data.o)
__do_clear_bss                                    /usr/lib/gcc/avr/5.4.0/avr35/libgcc.a(_clear_bss.o)
                                                  obj/USBTask.o
                                                  obj/DeviceStandardReq.o
                                                  obj/MassStorage.o
__do_copy_data                                    /usr/lib/gcc/avr/5.4.0/avr35/libgcc.a(_copy_data.o)
                                                  obj/RNDISClassDevice.o
                                                  obj/CDCClassDevice.o
                                                  obj/SCSI.o
                                                  obj/MassStorage.o
__heap_end                                        /usr/lib/gcc/avr/5.4.0/../../../avr/lib/avr35/crtatmega16u2.o
__init                                            /usr/lib/gcc/avr/5.4.0/../../../avr/lib/avr35/crtatmega16u2.o
__mulhi3                                          /usr/lib/gcc/avr/5.4.0/avr35/libgcc.a(_mulhi3.o)
                                                  obj/HIDParser.o
__stack                                           /usr/lib/gcc/avr/5.4.0/../../../avr/lib/avr35/crtatmega16u2.o
__strlen_P                                        /usr/lib/gcc/avr/5.4.0/../../../avr/lib/avr35/libc.a(strlen_P.o)
                                                  obj/CDCClassDevice.o
__vector_1                                        /usr/lib/gcc/avr/5.4.0/../../../avr/lib/avr35/crtatmega16u2.o
__vector_10                                       /usr/lib/gcc/avr/5.4.0/../../../avr/lib/avr35/crtatmega16u2.o
__vector_11                                       obj/USBInterrupt_AVR8.o
                                                  /usr/lib/gcc/avr/5.4.0/../../../avr/lib/avr35/crtatmega16u2.o
__vector_12                                       obj/USBInterrupt_AVR8.o
                                                  /usr/lib/gcc/avr/5.4.0/../../../avr/lib/avr35/crtatmega16u2.o
__vector_13                                       /usr/lib/gcc/avr/5.4.0/../../../avr/lib/avr35/crtatmega16u2.o
__vector_14                                       /usr/lib/gcc/avr/5.4.0/../../../avr/lib/avr35/crtatmega16u2.o
__vector_15                                       /usr/lib/gcc/avr/5.4.0/../../../avr/lib/avr35/crtatmega16u2.o
__vector_16                                       /usr/lib/gcc/avr/5.4.0/../../../avr/lib/avr35/crtatmega16u2.o
__vector_17                                       /usr/lib/gcc/avr/5.4.0/../../../avr/lib/avr35/crtatmega16u2.o
__vector_18                                       /usr/lib/gcc/avr/5.4.0/../../../avr/lib/avr35/crtatmega16u2.o
__vector_19                                       /usr/lib/gcc/avr/5.4.0/../../../avr/lib/avr35/crtatmega16u2.o
__vector_2                                        /usr/lib/gcc/avr/5.4.0/../../../avr/lib/avr35/crtatmega16u2.o
__vector_20                                       /usr/lib/gcc/avr/5.4.0/../../../avr/lib/avr35/crtatmega16u2.o
__vector_21                                       /usr/lib/gcc/avr/5.4.0/../../../avr/lib/avr35/crtatmega16u2.o
__vector_22                                       /usr/lib/gcc/avr/5.4.0/../../../avr/lib/avr35/crtatmega16u2.o
__vector_23                                       /usr/lib/gcc/avr/5.4.0/../../../avr/lib/avr35/crtatmega16u2.o
__vector_24                                       /usr/lib/gcc/avr/5.4.0/../../../avr/lib/avr35/crtatmega16u2.o
__vector_25                                       /usr/lib/gcc/avr/5.4.0/../../../avr/lib/avr35/crtatmega16u2.o
__vector_26                                       /usr/lib/gcc/avr/5.4.0/../../../avr/lib/avr35/crtatmega16u2.o
__vector_27                                       /usr/lib/gcc/avr/5.4.0/../../../avr/lib/avr35/crtatmega16u2.o
__vector_28                                       /usr/lib/gcc/avr/5.4.0/../../../avr/lib/avr35/crtatmega16u2.o
__vector_3                                        /usr/lib/gcc/avr/5.4.0/../../../avr/lib/avr35/crtatmega16u2.o
__vector_4                                        /usr/lib/gcc/avr/5.4.0/../../../avr/lib/avr35/crtatmega16u2.o
__vector_5                                        /usr/lib/gcc/avr/5.4.0/../../../avr/lib/avr35/crtatmega16u2.o
__vector_6                                        /usr/lib/gcc/avr/5.4.0/../../../avr/lib/avr35/crtatmega16u2.o
__vector_7                                        /usr/lib/gcc/avr/5.4.0/../../../avr/lib/avr35/crtatmega16u2.o
__vector_8                                        /usr/lib/gcc/avr/5.4.0/../../../avr/lib/avr35/crtatmega16u2.o
__vector_9                                        /usr/lib/gcc/avr/5.4.0/../../../avr/lib/avr35/crtatmega16u2.o
__vector_default                                  /usr/lib/gcc/avr/5.4.0/../../../avr/lib/avr35/crtatmega16u2.o
__vectors                                         /usr/lib/gcc/avr/5.4.0/../../../avr/lib/avr35/crtatmega16u2.o
_exit                                             /usr/lib/gcc/avr/5.4.0/avr35/libgcc.a(_exit.o)
eeprom_read_byte                                  /usr/lib/gcc/avr/5.4.0/../../../avr/lib/avr35/libatmega16u2.a(eerd_byte.o)
                                                  obj/EndpointStream_AVR8.o
eeprom_update_byte                                /usr/lib/gcc/avr/5.4.0/../../../avr/lib/avr35/libatmega16u2.a(eeupd_byte.o)
                                                  obj/EndpointStream_AVR8.o
eeprom_update_r18                                 /usr/lib/gcc/avr/5.4.0/../../../avr/lib/avr35/libatmega16u2.a(eeupd_byte.o)
exit                                              /usr/lib/gcc/avr/5.4.0/avr35/libgcc.a(_exit.o)
                                                  /usr/lib/gcc/avr/5.4.0/../../../avr/lib/avr35/crtatmega16u2.o
init_button                                       obj/MassStorage.o
main                                              obj/MassStorage.o
                                                  /usr/lib/gcc/avr/5.4.0/../../../avr/lib/avr35/crtatmega16u2.o
memcmp                                            /usr/lib/gcc/avr/5.4.0/../../../avr/lib/avr35/libc.a(memcmp.o)
                                                  obj/HIDClassDevice.o
memcpy                                            /usr/lib/gcc/avr/5.4.0/../../../avr/lib/avr35/libc.a(memcpy.o)
                                                  obj/RNDISClassDevice.o
                                                  obj/HIDClassDevice.o
memcpy_P                                          /usr/lib/gcc/avr/5.4.0/../../../avr/lib/avr35/libc.a(memcpy_P.o)
                                                  obj/RNDISClassDevice.o
memset                                            /usr/lib/gcc/avr/5.4.0/../../../avr/lib/avr35/libc.a(memset.o)
                                                  obj/HIDClassDevice.o
spi_exch                                          obj/spi.o
                                                  obj/AT45DB641E.o
spi_init                                          obj/spi.o
                                                  obj/DataflashManager.o
vumetre                                           obj/MassStorage.o
